Archive member included to satisfy reference by file (symbol)

/opt/st/stm32cubeide_1.19.0/plugins/com.st.stm32cube.ide.mcu.externaltools.gnu-tools-for-stm32.13.3.rel1.linux64_1.0.0.202410170706/tools/bin/../lib/gcc/arm-none-eabi/13.3.1/../../../../arm-none-eabi/lib/thumb/v7e-m+fp/hard/libc_nano.a(libc_a-exit.o)
                              /opt/st/stm32cubeide_1.19.0/plugins/com.st.stm32cube.ide.mcu.externaltools.gnu-tools-for-stm32.13.3.rel1.linux64_1.0.0.202410170706/tools/bin/../lib/gcc/arm-none-eabi/13.3.1/../../../../arm-none-eabi/lib/thumb/v7e-m+fp/hard/crt0.o (exit)
/opt/st/stm32cubeide_1.19.0/plugins/com.st.stm32cube.ide.mcu.externaltools.gnu-tools-for-stm32.13.3.rel1.linux64_1.0.0.202410170706/tools/bin/../lib/gcc/arm-none-eabi/13.3.1/../../../../arm-none-eabi/lib/thumb/v7e-m+fp/hard/libc_nano.a(libc_a-findfp.o)
                              /opt/st/stm32cubeide_1.19.0/plugins/com.st.stm32cube.ide.mcu.externaltools.gnu-tools-for-stm32.13.3.rel1.linux64_1.0.0.202410170706/tools/bin/../lib/gcc/arm-none-eabi/13.3.1/../../../../arm-none-eabi/lib/thumb/v7e-m+fp/hard/libc_nano.a(libc_a-exit.o) (__stdio_exit_handler)
/opt/st/stm32cubeide_1.19.0/plugins/com.st.stm32cube.ide.mcu.externaltools.gnu-tools-for-stm32.13.3.rel1.linux64_1.0.0.202410170706/tools/bin/../lib/gcc/arm-none-eabi/13.3.1/../../../../arm-none-eabi/lib/thumb/v7e-m+fp/hard/libc_nano.a(libc_a-fwalk.o)
                              /opt/st/stm32cubeide_1.19.0/plugins/com.st.stm32cube.ide.mcu.externaltools.gnu-tools-for-stm32.13.3.rel1.linux64_1.0.0.202410170706/tools/bin/../lib/gcc/arm-none-eabi/13.3.1/../../../../arm-none-eabi/lib/thumb/v7e-m+fp/hard/libc_nano.a(libc_a-findfp.o) (_fwalk_sglue)
/opt/st/stm32cubeide_1.19.0/plugins/com.st.stm32cube.ide.mcu.externaltools.gnu-tools-for-stm32.13.3.rel1.linux64_1.0.0.202410170706/tools/bin/../lib/gcc/arm-none-eabi/13.3.1/../../../../arm-none-eabi/lib/thumb/v7e-m+fp/hard/libc_nano.a(libc_a-snprintf.o)
                              ./Drivers/API/Src/API_uart.o (snprintf)
/opt/st/stm32cubeide_1.19.0/plugins/com.st.stm32cube.ide.mcu.externaltools.gnu-tools-for-stm32.13.3.rel1.linux64_1.0.0.202410170706/tools/bin/../lib/gcc/arm-none-eabi/13.3.1/../../../../arm-none-eabi/lib/thumb/v7e-m+fp/hard/libc_nano.a(libc_a-sprintf.o)
                              ./Drivers/API/Src/common.o (sprintf)
/opt/st/stm32cubeide_1.19.0/plugins/com.st.stm32cube.ide.mcu.externaltools.gnu-tools-for-stm32.13.3.rel1.linux64_1.0.0.202410170706/tools/bin/../lib/gcc/arm-none-eabi/13.3.1/../../../../arm-none-eabi/lib/thumb/v7e-m+fp/hard/libc_nano.a(libc_a-stdio.o)
                              /opt/st/stm32cubeide_1.19.0/plugins/com.st.stm32cube.ide.mcu.externaltools.gnu-tools-for-stm32.13.3.rel1.linux64_1.0.0.202410170706/tools/bin/../lib/gcc/arm-none-eabi/13.3.1/../../../../arm-none-eabi/lib/thumb/v7e-m+fp/hard/libc_nano.a(libc_a-findfp.o) (__sread)
/opt/st/stm32cubeide_1.19.0/plugins/com.st.stm32cube.ide.mcu.externaltools.gnu-tools-for-stm32.13.3.rel1.linux64_1.0.0.202410170706/tools/bin/../lib/gcc/arm-none-eabi/13.3.1/../../../../arm-none-eabi/lib/thumb/v7e-m+fp/hard/libc_nano.a(libc_a-memset.o)
                              /opt/st/stm32cubeide_1.19.0/plugins/com.st.stm32cube.ide.mcu.externaltools.gnu-tools-for-stm32.13.3.rel1.linux64_1.0.0.202410170706/tools/bin/../lib/gcc/arm-none-eabi/13.3.1/../../../../arm-none-eabi/lib/thumb/v7e-m+fp/hard/crt0.o (memset)
/opt/st/stm32cubeide_1.19.0/plugins/com.st.stm32cube.ide.mcu.externaltools.gnu-tools-for-stm32.13.3.rel1.linux64_1.0.0.202410170706/tools/bin/../lib/gcc/arm-none-eabi/13.3.1/../../../../arm-none-eabi/lib/thumb/v7e-m+fp/hard/libc_nano.a(libc_a-closer.o)
                              /opt/st/stm32cubeide_1.19.0/plugins/com.st.stm32cube.ide.mcu.externaltools.gnu-tools-for-stm32.13.3.rel1.linux64_1.0.0.202410170706/tools/bin/../lib/gcc/arm-none-eabi/13.3.1/../../../../arm-none-eabi/lib/thumb/v7e-m+fp/hard/libc_nano.a(libc_a-stdio.o) (_close_r)
/opt/st/stm32cubeide_1.19.0/plugins/com.st.stm32cube.ide.mcu.externaltools.gnu-tools-for-stm32.13.3.rel1.linux64_1.0.0.202410170706/tools/bin/../lib/gcc/arm-none-eabi/13.3.1/../../../../arm-none-eabi/lib/thumb/v7e-m+fp/hard/libc_nano.a(libc_a-reent.o)
                              /opt/st/stm32cubeide_1.19.0/plugins/com.st.stm32cube.ide.mcu.externaltools.gnu-tools-for-stm32.13.3.rel1.linux64_1.0.0.202410170706/tools/bin/../lib/gcc/arm-none-eabi/13.3.1/../../../../arm-none-eabi/lib/thumb/v7e-m+fp/hard/libc_nano.a(libc_a-closer.o) (errno)
/opt/st/stm32cubeide_1.19.0/plugins/com.st.stm32cube.ide.mcu.externaltools.gnu-tools-for-stm32.13.3.rel1.linux64_1.0.0.202410170706/tools/bin/../lib/gcc/arm-none-eabi/13.3.1/../../../../arm-none-eabi/lib/thumb/v7e-m+fp/hard/libc_nano.a(libc_a-impure.o)
[...]
Memory Configuration

Name             Origin             Length             Attributes
RAM              0x20000000         0x00020000         xrw
FLASH            0x08000000         0x00080000         xr
*default*        0x00000000         0xffffffff

Linker script and memory map

LOAD /opt/st/stm32cubeide_1.19.0/plugins/com.st.stm32cube.ide.mcu.externaltools.gnu-tools-for-stm32.13.3.rel1.linux64_1.0.0.202410170706/tools/bin/../lib/gcc/arm-none-eabi/13.3.1/thumb/v7e-m+fp/hard/crti.o
LOAD /opt/st/stm32cubeide_1.19.0/plugins/com.st.stm32cube.ide.mcu.externaltools.gnu-tools-for-stm32.13.3.rel1.linux64_1.0.0.202410170706/tools/bin/../lib/gcc/arm-none-eabi/13.3.1/thumb/v7e-m+fp/hard/crtbegin.o
LOAD /opt/st/stm32cubeide_1.19.0/plugins/com.st.stm32cube.ide.mcu.externaltools.gnu-tools-for-stm32.13.3.rel1.linux64_1.0.0.202410170706/tools/bin/../lib/gcc/arm-none-eabi/13.3.1/../../../../arm-none-eabi/lib/thumb/v7e-m+fp/hard/crt0.o
LOAD ./Core/Src/main.o
LOAD ./Core/Src/stm32f4xx_hal_msp.o
LOAD ./Core/Src/stm32f4xx_it.o
LOAD ./Core/Src/syscalls.o
LOAD ./Core/Src/sysmem.o
LOAD ./Core/Src/system_stm32f4xx.o
LOAD ./Core/Startup/startup_stm32f446retx.o
LOAD ./Drivers/API/Src/API_FSM.o
LOAD ./Drivers/API/Src/API_I2c.o
LOAD ./Drivers/API/Src/API_LCD.o
LOAD ./Drivers/API/Src/API_LCD_port.o
LOAD ./Drivers/API/Src/API_debounce.o
LOAD ./Drivers/API/Src/API_delay.o
LOAD ./Drivers/API/Src/API_hardware.o
LOAD ./Drivers/API/Src/API_scanner.o
LOAD ./Drivers/API/Src/API_uart.o
LOAD ./Drivers/API/Src/common.o
LOAD ./Drivers/STM32F4xx_HAL_Driver/Src/stm32f4xx_hal.o
LOAD ./Drivers/STM32F4xx_HAL_Driver/Src/stm32f4xx_hal_cortex.o
LOAD ./Drivers/STM32F4xx_HAL_Driver/Src/stm32f4xx_hal_dma.o
LOAD ./Drivers/STM32F4xx_HAL_Driver/Src/stm32f4xx_hal_dma_ex.o
LOAD ./Drivers/STM32F4xx_HAL_Driver/Src/stm32f4xx_hal_exti.o
LOAD ./Drivers/STM32F4xx_HAL_Driver/Src/stm32f4xx_hal_flash.o
LOAD ./Drivers/STM32F4xx_HAL_Driver/Src/stm32f4xx_hal_flash_ex.o
LOAD ./Drivers/STM32F4xx_HAL_Driver/Src/stm32f4xx_hal_flash_ramfunc.o
LOAD ./Drivers/STM32F4xx_HAL_Driver/Src/stm32f4xx_hal_gpio.o
LOAD ./Drivers/STM32F4xx_HAL_Driver/Src/stm32f4xx_hal_i2c.o
LOAD ./Drivers/STM32F4xx_HAL_Driver/Src/stm32f4xx_hal_i2c_ex.o
LOAD ./Drivers/STM32F4xx_HAL_Driver/Src/stm32f4xx_hal_pwr.o
LOAD ./Drivers/STM32F4xx_HAL_Driver/Src/stm32f4xx_hal_pwr_ex.o
LOAD ./Drivers/STM32F4xx_HAL_Driver/Src/stm32f4xx_hal_rcc.o
LOAD ./Drivers/STM32F4xx_HAL_Driver/Src/stm32f4xx_hal_rcc_ex.o
LOAD ./Drivers/STM32F4xx_HAL_Driver/Src/stm32f4xx_hal_uart.o
START GROUP
LOAD /opt/st/stm32cubeide_1.19.0/plugins/com.st.stm32cube.ide.mcu.externaltools.gnu-tools-for-stm32.13.3.rel1.linux64_1.0.0.202410170706/tools/bin/../lib/gcc/arm-none-eabi/13.3.1/../../../../arm-none-eabi/lib/thumb/v7e-m+fp/hard/libc_nano.a
LOAD /opt/st/stm32cubeide_1.19.0/plugins/com.st.stm32cube.ide.mcu.externaltools.gnu-tools-for-stm32.13.3.rel1.linux64_1.0.0.202410170706/tools/bin/../lib/gcc/arm-none-eabi/13.3.1/../../../../arm-none-eabi/lib/thumb/v7e-m+fp/hard/libm.a
END GROUP
START GROUP
LOAD /opt/st/stm32cubeide_1.19.0/plugins/com.st.stm32cube.ide.mcu.externaltools.gnu-tools-for-stm32.13.3.rel1.linux64_1.0.0.202410170706/tools/bin/../lib/gcc/arm-none-eabi/13.3.1/thumb/v7e-m+fp/hard/libgcc.a
LOAD /opt/st/stm32cubeide_1.19.0/plugins/com.st.stm32cube.ide.mcu.externaltools.gnu-tools-for-stm32.13.3.rel1.linux64_1.0.0.202410170706/tools/bin/../lib/gcc/arm-none-eabi/13.3.1/../../../../arm-none-eabi/lib/thumb/v7e-m+fp/hard/libc_nano.a
END GROUP
START GROUP
LOAD /opt/st/stm32cubeide_1.19.0/plugins/com.st.stm32cube.ide.mcu.externaltools.gnu-tools-for-stm32.13.3.rel1.linux64_1.0.0.202410170706/tools/bin/../lib/gcc/arm-none-eabi/13.3.1/thumb/v7e-m+fp/hard/libgcc.a
LOAD /opt/st/stm32cubeide_1.19.0/plugins/com.st.stm32cube.ide.mcu.externaltools.gnu-tools-for-stm32.13.3.rel1.linux64_1.0.0.202410170706/tools/bin/../lib/gcc/arm-none-eabi/13.3.1/../../../../arm-none-eabi/lib/thumb/v7e-m+fp/hard/libc_nano.a
LOAD /opt/st/stm32cubeide_1.19.0/plugins/com.st.stm32cube.ide.mcu.externaltools.gnu-tools-for-stm32.13.3.rel1.linux64_1.0.0.202410170706/tools/bin/../lib/gcc/arm-none-eabi/13.3.1/../../../../arm-none-eabi/lib/thumb/v7e-m+fp/hard/libnosys.a
END GROUP
START GROUP
LOAD /opt/st/stm32cubeide_1.19.0/plugins/com.st.stm32cube.ide.mcu.externaltools.gnu-tools-for-stm32.13.3.rel1.linux64_1.0.0.202410170706/tools/bin/../lib/gcc/arm-none-eabi/13.3.1/thumb/v7e-m+fp/hard/libgcc.a
LOAD /opt/st/stm32cubeide_1.19.0/plugins/com.st.stm32cube.ide.mcu.externaltools.gnu-tools-for-stm32.13.3.rel1.linux64_1.0.0.202410170706/tools/bin/../lib/gcc/arm-none-eabi/13.3.1/../../../../arm-none-eabi/lib/thumb/v7e-m+fp/hard/libc_nano.a
LOAD /opt/st/stm32cubeide_1.19.0/plugins/com.st.stm32cube.ide.mcu.externaltools.gnu-tools-for-stm32.13.3.rel1.linux64_1.0.0.202410170706/tools/bin/../lib/gcc/arm-none-eabi/13.3.1/../../../../arm-none-eabi/lib/thumb/v7e-m+fp/hard/libnosys.a
END GROUP
LOAD /opt/st/stm32cubeide_1.19.0/plugins/com.st.stm32cube.ide.mcu.externaltools.gnu-tools-for-stm32.13.3.rel1.linux64_1.0.0.202410170706/tools/bin/../lib/gcc/arm-none-eabi/13.3.1/thumb/v7e-m+fp/hard/crtend.o
LOAD /opt/st/stm32cubeide_1.19.0/plugins/com.st.stm32cube.ide.mcu.externaltools.gnu-tools-for-stm32.13.3.rel1.linux64_1.0.0.202410170706/tools/bin/../lib/gcc/arm-none-eabi/13.3.1/thumb/v7e-m+fp/hard/crtn.o
                0x20020000                        _estack = (ORIGIN (RAM) + LENGTH (RAM))
                0x00000200                        _Min_Heap_Size = 0x200
                0x00000400                        _Min_Stack_Size = 0x400

.isr_vector     0x08000000      0x1c4
                0x08000000                        . = ALIGN (0x4)
 *(.isr_vector)
 .isr_vector    0x08000000      0x1c4 ./Core/Startup/startup_stm32f446retx.o
                0x08000000                g_pfnVectors
                0x080001c4                        . = ALIGN (0x4)

.text           0x080001d0     0x4988
                0x080001d0                        . = ALIGN (0x4)
 *(.text)
 .text          0x080001d0       0x40 /opt/st/stm32cubeide_1.19.0/plugins/com.st.stm32cube.ide.mcu.externaltools.gnu-tools-for-stm32.13.3.rel1.linux64_1.0.0.202410170706/tools/bin/../lib/gcc/arm-none-eabi/13.3.1/thumb/v7e-m+fp/hard/crtbegin.o
 .text          0x08000210       0xa0 /opt/st/stm32cubeide_1.19.0/plugins/com.st.stm32cube.ide.mcu.externaltools.gnu-tools-for-stm32.13.3.rel1.linux64_1.0.0.202410170706/tools/bin/../lib/gcc/arm-none-eabi/13.3.1/../../../../arm-none-eabi/lib/thumb/v7e-m+fp/hard/libc_nano.a(libc_a-memchr.o)
                0x08000210                memchr
 .text          0x080002b0       0x30 /opt/st/stm32cubeide_1.19.0/plugins/com.st.stm32cube.ide.mcu.externaltools.gnu-tools-for-stm32.13.3.rel1.linux64_1.0.0.202410170706/tools/bin/../lib/gcc/arm-none-eabi/13.3.1/thumb/v7e-m+fp/hard/libgcc.a(_aeabi_uldivmod.o)
                0x080002b0                __aeabi_uldivmod
 .text          0x080002e0      0x2f8 /opt/st/stm32cubeide_1.19.0/plugins/com.st.stm32cube.ide.mcu.externaltools.gnu-tools-for-stm32.13.3.rel1.linux64_1.0.0.202410170706/tools/bin/../lib/gcc/arm-none-eabi/13.3.1/thumb/v7e-m+fp/hard/libgcc.a(_udivmoddi4.o)
                0x080002e0                __udivmoddi4
 .text          0x080005d8        0x4 /opt/st/stm32cubeide_1.19.0/plugins/com.st.stm32cube.ide.mcu.externaltools.gnu-tools-for-stm32.13.3.rel1.linux64_1.0.0.202410170706/tools/bin/../lib/gcc/arm-none-eabi/13.3.1/thumb/v7e-m+fp/hard/libgcc.a(_dvmd_tls.o)
                0x080005d8                __aeabi_ldiv0
                0x080005d8                __aeabi_idiv0
 *(.text*)
 .text.main     0x080005dc       0x54 ./Core/Src/main.o
                0x080005dc                main
 .text.SystemClock_Config
                0x08000630       0xdc ./Core/Src/main.o
                0x08000630                SystemClock_Config
 .text.MX_I2C1_Init
                0x0800070c       0x5c ./Core/Src/main.o
 .text.MX_USART2_UART_Init
                0x08000768       0x54 ./Core/Src/main.o
 .text.MX_GPIO_Init
                0x080007bc       0xdc ./Core/Src/main.o
 .text.Error_Handler
                0x08000898        0xc ./Core/Src/main.o
                0x08000898                Error_Handler
 .text.HAL_MspInit
                0x080008a4       0x50 ./Core/Src/stm32f4xx_hal_msp.o
                0x080008a4                HAL_MspInit
 .text.HAL_I2C_MspInit
                0x080008f4       0x90 ./Core/Src/stm32f4xx_hal_msp.o
                0x080008f4                HAL_I2C_MspInit
 .text.HAL_UART_MspInit
                0x08000984       0x90 ./Core/Src/stm32f4xx_hal_msp.o
                0x08000984                HAL_UART_MspInit
 .text.NMI_Handler
                0x08000a14        0x8 ./Core/Src/stm32f4xx_it.o
                0x08000a14                NMI_Handler
 .text.HardFault_Handler
                0x08000a1c        0x8 ./Core/Src/stm32f4xx_it.o
                0x08000a1c                HardFault_Handler
 .text.MemManage_Handler
                0x08000a24        0x8 ./Core/Src/stm32f4xx_it.o
                0x08000a24                MemManage_Handler
 .text.BusFault_Handler
                0x08000a2c        0x8 ./Core/Src/stm32f4xx_it.o
                0x08000a2c                BusFault_Handler
 .text.UsageFault_Handler
                0x08000a34        0x8 ./Core/Src/stm32f4xx_it.o
                0x08000a34                UsageFault_Handler
 .text.SVC_Handler
                0x08000a3c        0xe ./Core/Src/stm32f4xx_it.o
                0x08000a3c                SVC_Handler
 .text.DebugMon_Handler
                0x08000a4a        0xe ./Core/Src/stm32f4xx_it.o
                0x08000a4a                DebugMon_Handler
 .text.PendSV_Handler
                0x08000a58        0xe ./Core/Src/stm32f4xx_it.o
                0x08000a58                PendSV_Handler
 .text.SysTick_Handler
                0x08000a66        0xc ./Core/Src/stm32f4xx_it.o
                0x08000a66                SysTick_Handler
 *fill*         0x08000a72        0x2 
 .text._sbrk    0x08000a74       0x6c ./Core/Src/sysmem.o
                0x08000a74                _sbrk
 .text.SystemInit
                0x08000ae0       0x24 ./Core/Src/system_stm32f4xx.o
                0x08000ae0                SystemInit
 .text.Reset_Handler
                0x08000b04       0x50 ./Core/Startup/startup_stm32f446retx.o
                0x08000b04                Reset_Handler
 .text.Default_Handler
                0x08000b54        0x2 ./Core/Startup/startup_stm32f446retx.o
                0x08000b54                RTC_Alarm_IRQHandler
                0x08000b54                EXTI2_IRQHandler
                0x08000b54                TIM8_CC_IRQHandler
                0x08000b54                FMPI2C1_EV_IRQHandler
                0x08000b54                SPI4_IRQHandler
                0x08000b54                TIM1_CC_IRQHandler
                0x08000b54                DMA2_Stream5_IRQHandler
                0x08000b54                DMA1_Stream5_IRQHandler
                0x08000b54                PVD_IRQHandler
                0x08000b54                SDIO_IRQHandler
                0x08000b54                TAMP_STAMP_IRQHandler
                0x08000b54                CAN2_RX1_IRQHandler
                0x08000b54                EXTI3_IRQHandler
                0x08000b54                TIM8_TRG_COM_TIM14_IRQHandler
                0x08000b54                TIM1_UP_TIM10_IRQHandler
                0x08000b54                TIM8_UP_TIM13_IRQHandler
                0x08000b54                I2C3_ER_IRQHandler
                0x08000b54                EXTI0_IRQHandler
                0x08000b54                I2C2_EV_IRQHandler
                0x08000b54                DMA1_Stream2_IRQHandler
                0x08000b54                CAN1_RX0_IRQHandler
                0x08000b54                FPU_IRQHandler
                0x08000b54                OTG_HS_WKUP_IRQHandler
                0x08000b54                CAN2_SCE_IRQHandler
                0x08000b54                DMA2_Stream2_IRQHandler
                0x08000b54                SPI1_IRQHandler
                0x08000b54                TIM6_DAC_IRQHandler
                0x08000b54                TIM1_BRK_TIM9_IRQHandler
                0x08000b54                DCMI_IRQHandler
                0x08000b54                CAN2_RX0_IRQHandler
                0x08000b54                DMA2_Stream3_IRQHandler
                0x08000b54                SAI2_IRQHandler
                0x08000b54                USART6_IRQHandler
                0x08000b54                USART3_IRQHandler
                0x08000b54                CAN1_RX1_IRQHandler
                0x08000b54                UART5_IRQHandler
                0x08000b54                DMA2_Stream0_IRQHandler
                0x08000b54                TIM4_IRQHandler
                0x08000b54                QUADSPI_IRQHandler
                0x08000b54                I2C1_EV_IRQHandler
                0x08000b54                DMA1_Stream6_IRQHandler
                0x08000b54                DMA1_Stream1_IRQHandler
                0x08000b54                UART4_IRQHandler
                0x08000b54                TIM3_IRQHandler
                0x08000b54                RCC_IRQHandler
                0x08000b54                TIM8_BRK_TIM12_IRQHandler
                0x08000b54                Default_Handler
                0x08000b54                CEC_IRQHandler
                0x08000b54                EXTI15_10_IRQHandler
                0x08000b54                ADC_IRQHandler
                0x08000b54                DMA1_Stream7_IRQHandler
                0x08000b54                TIM7_IRQHandler
                0x08000b54                CAN2_TX_IRQHandler
                0x08000b54                TIM5_IRQHandler
                0x08000b54                DMA2_Stream7_IRQHandler
                0x08000b54                I2C3_EV_IRQHandler
                0x08000b54                EXTI9_5_IRQHandler
                0x08000b54                RTC_WKUP_IRQHandler
                0x08000b54                SPDIF_RX_IRQHandler
                0x08000b54                SPI2_IRQHandler
                0x08000b54                OTG_HS_EP1_IN_IRQHandler
                0x08000b54                DMA1_Stream0_IRQHandler
                0x08000b54                CAN1_TX_IRQHandler
                0x08000b54                FMPI2C1_ER_IRQHandler
                0x08000b54                EXTI4_IRQHandler
                0x08000b54                OTG_HS_EP1_OUT_IRQHandler
                0x08000b54                WWDG_IRQHandler
                0x08000b54                TIM2_IRQHandler
                0x08000b54                OTG_FS_WKUP_IRQHandler
                0x08000b54                TIM1_TRG_COM_TIM11_IRQHandler
                0x08000b54                OTG_HS_IRQHandler
                0x08000b54                EXTI1_IRQHandler
                0x08000b54                USART2_IRQHandler
                0x08000b54                I2C2_ER_IRQHandler
                0x08000b54                DMA2_Stream1_IRQHandler
                0x08000b54                CAN1_SCE_IRQHandler
                0x08000b54                FLASH_IRQHandler
                0x08000b54                DMA2_Stream4_IRQHandler
                0x08000b54                USART1_IRQHandler
                0x08000b54                OTG_FS_IRQHandler
                0x08000b54                SPI3_IRQHandler
                0x08000b54                DMA1_Stream4_IRQHandler
                0x08000b54                I2C1_ER_IRQHandler
                0x08000b54                FMC_IRQHandler
                0x08000b54                DMA2_Stream6_IRQHandler
                0x08000b54                SAI1_IRQHandler
                0x08000b54                DMA1_Stream3_IRQHandler
 *fill*         0x08000b56        0x2 
 .text.Init_FSM
                0x08000b58       0x7c ./Drivers/API/Src/API_FSM.o
                0x08000b58                Init_FSM
 .text.UpdateFSM
                0x08000bd4       0x14 ./Drivers/API/Src/API_FSM.o
                0x08000bd4                UpdateFSM
 .text.idleStage
                0x08000be8       0x28 ./Drivers/API/Src/API_FSM.o
 .text.sendingStage
                0x08000c10       0x84 ./Drivers/API/Src/API_FSM.o
 .text.waitingStage
                0x08000c94       0x28 ./Drivers/API/Src/API_FSM.o
 .text.readingStage
                0x08000cbc       0x70 ./Drivers/API/Src/API_FSM.o
 .text.writingStage
                0x08000d2c       0xf0 ./Drivers/API/Src/API_FSM.o
 .text.TransmitToSize
                0x08000e1c       0x40 ./Drivers/API/Src/API_I2c.o
                0x08000e1c                TransmitToSize
 .text.ReceiveToSize
                0x08000e5c       0x40 ./Drivers/API/Src/API_I2c.o
                0x08000e5c                ReceiveToSize
 .text.goToAddress
                0x08000e9c       0x34 ./Drivers/API/Src/API_LCD.o
 .text.WriteString
                0x08000ed0       0x1a ./Drivers/API/Src/API_LCD.o
                0x08000ed0                WriteString
 *fill*         0x08000eea        0x2 
 .text.GoToNextRow
                0x08000eec       0x40 ./Drivers/API/Src/API_LCD.o
                0x08000eec                GoToNextRow
 .text.set4Bit  0x08000f2c       0x98 ./Drivers/API/Src/API_LCD.o
 .text.ClearScreen
                0x08000fc4       0x68 ./Drivers/API/Src/API_LCD.o
                0x08000fc4                ClearScreen
 .text.InitLCD  0x0800102c       0x6c ./Drivers/API/Src/API_LCD.o
                0x0800102c                InitLCD
 .text.translateIntoLcd
                0x08001098       0xcc ./Drivers/API/Src/API_LCD_port.o
 .text.sendInitNibble
                0x08001164       0x3e ./Drivers/API/Src/API_LCD_port.o
                0x08001164                sendInitNibble
 .text.WriteLCD
                0x080011a2       0xc2 ./Drivers/API/Src/API_LCD_port.o
                0x080011a2                WriteLCD
 .text.buttonTransition
                0x08001264       0x50 ./Drivers/API/Src/API_debounce.o
 .text.buttonUp
                0x080012b4       0x34 ./Drivers/API/Src/API_debounce.o
 .text.buttonDown
                0x080012e8       0x3c ./Drivers/API/Src/API_debounce.o
 .text.debounceFSM_init
                0x08001324       0x28 ./Drivers/API/Src/API_debounce.o
                0x08001324                debounceFSM_init
 .text.debounceFSM_update
                0x0800134c       0x3c ./Drivers/API/Src/API_debounce.o
                0x0800134c                debounceFSM_update
 .text.readKey  0x08001388       0x24 ./Drivers/API/Src/API_debounce.o
                0x08001388                readKey
 .text.errorIfNeeded
                0x080013ac       0x1a ./Drivers/API/Src/API_delay.o
 .text.delayRead
                0x080013c6       0x70 ./Drivers/API/Src/API_delay.o
                0x080013c6                delayRead
 .text.delayInit
                0x08001436       0x24 ./Drivers/API/Src/API_delay.o
                0x08001436                delayInit
 *fill*         0x0800145a        0x2 
 .text.readPin  0x0800145c       0x24 ./Drivers/API/Src/API_hardware.o
                0x0800145c                readPin
 .text.getTick  0x08001480        0xe ./Drivers/API/Src/API_hardware.o
                0x08001480                getTick
 *fill*         0x0800148e        0x2 
 .text.ReadSensor
                0x08001490       0x4c ./Drivers/API/Src/API_scanner.o
                0x08001490                ReadSensor
 .text.WriteSensor
                0x080014dc       0x20 ./Drivers/API/Src/API_scanner.o
                0x080014dc                WriteSensor
 .text.errorIfNeeded
                0x080014fc       0x1a ./Drivers/API/Src/API_uart.o
 .text.findCharIndex
                0x08001516       0x4e ./Drivers/API/Src/API_uart.o
 .text.uartInit
                0x08001564       0xe0 ./Drivers/API/Src/API_uart.o
                0x08001564                uartInit
 .text.uartSendString
                0x08001644       0x4c ./Drivers/API/Src/API_uart.o
                0x08001644                uartSendString
 .text.uartSendStringSize
                0x08001690       0x2c ./Drivers/API/Src/API_uart.o
                0x08001690                uartSendStringSize
 .text.findCharIndex
                0x080016bc       0x48 ./Drivers/API/Src/common.o
                0x080016bc                findCharIndex
 .text.NumberToAscii
                0x08001704       0x30 ./Drivers/API/Src/common.o
                0x08001704                NumberToAscii
 .text.HAL_Init
                0x08001734       0x44 ./Drivers/STM32F4xx_HAL_Driver/Src/stm32f4xx_hal.o
                0x08001734                HAL_Init
 .text.HAL_InitTick
                0x08001778       0x60 ./Drivers/STM32F4xx_HAL_Driver/Src/stm32f4xx_hal.o
                0x08001778                HAL_InitTick
 .text.HAL_IncTick
                0x080017d8       0x28 ./Drivers/STM32F4xx_HAL_Driver/Src/stm32f4xx_hal.o
                0x080017d8                HAL_IncTick
 .text.HAL_GetTick
                0x08001800       0x18 ./Drivers/STM32F4xx_HAL_Driver/Src/stm32f4xx_hal.o
                0x08001800                HAL_GetTick
 .text.HAL_Delay
                0x08001818       0x48 ./Drivers/STM32F4xx_HAL_Driver/Src/stm32f4xx_hal.o
                0x08001818                HAL_Delay
 .text.__NVIC_SetPriorityGrouping
                0x08001860       0x48 ./Drivers/STM32F4xx_HAL_Driver/Src/stm32f4xx_hal_cortex.o
 .text.__NVIC_GetPriorityGrouping
                0x080018a8       0x1c ./Drivers/STM32F4xx_HAL_Driver/Src/stm32f4xx_hal_cortex.o
 .text.__NVIC_SetPriority
                0x080018c4       0x54 ./Drivers/STM32F4xx_HAL_Driver/Src/stm32f4xx_hal_cortex.o
 .text.NVIC_EncodePriority
                0x08001918       0x66 ./Drivers/STM32F4xx_HAL_Driver/Src/stm32f4xx_hal_cortex.o
 *fill*         0x0800197e        0x2 
 .text.SysTick_Config
                0x08001980       0x44 ./Drivers/STM32F4xx_HAL_Driver/Src/stm32f4xx_hal_cortex.o
 .text.HAL_NVIC_SetPriorityGrouping
                0x080019c4       0x16 ./Drivers/STM32F4xx_HAL_Driver/Src/stm32f4xx_hal_cortex.o
                0x080019c4                HAL_NVIC_SetPriorityGrouping
 .text.HAL_NVIC_SetPriority
                0x080019da       0x38 ./Drivers/STM32F4xx_HAL_Driver/Src/stm32f4xx_hal_cortex.o
                0x080019da                HAL_NVIC_SetPriority
 .text.HAL_SYSTICK_Config
                0x08001a12       0x18 ./Drivers/STM32F4xx_HAL_Driver/Src/stm32f4xx_hal_cortex.o
                0x08001a12                HAL_SYSTICK_Config
 *fill*         0x08001a2a        0x2 
 .text.HAL_GPIO_Init
                0x08001a2c      0x328 ./Drivers/STM32F4xx_HAL_Driver/Src/stm32f4xx_hal_gpio.o
                0x08001a2c                HAL_GPIO_Init
 .text.HAL_GPIO_ReadPin
                0x08001d54       0x30 ./Drivers/STM32F4xx_HAL_Driver/Src/stm32f4xx_hal_gpio.o
                0x08001d54                HAL_GPIO_ReadPin
 .text.HAL_GPIO_WritePin
                0x08001d84       0x32 ./Drivers/STM32F4xx_HAL_Driver/Src/stm32f4xx_hal_gpio.o
                0x08001d84                HAL_GPIO_WritePin
 *fill*         0x08001db6        0x2 
 .text.HAL_I2C_Init
                0x08001db8      0x288 ./Drivers/STM32F4xx_HAL_Driver/Src/stm32f4xx_hal_i2c.o
                0x08001db8                HAL_I2C_Init
 .text.HAL_I2C_Master_Transmit
                0x08002040      0x1fc ./Drivers/STM32F4xx_HAL_Driver/Src/stm32f4xx_hal_i2c.o
                0x08002040                HAL_I2C_Master_Transmit
 .text.HAL_I2C_Master_Receive
                0x0800223c      0x464 ./Drivers/STM32F4xx_HAL_Driver/Src/stm32f4xx_hal_i2c.o
                0x0800223c                HAL_I2C_Master_Receive
 .text.I2C_MasterRequestWrite
                0x080026a0      0x104 ./Drivers/STM32F4xx_HAL_Driver/Src/stm32f4xx_hal_i2c.o
 .text.I2C_MasterRequestRead
                0x080027a4      0x19c ./Drivers/STM32F4xx_HAL_Driver/Src/stm32f4xx_hal_i2c.o
 .text.I2C_WaitOnFlagUntilTimeout
                0x08002940       0xf4 ./Drivers/STM32F4xx_HAL_Driver/Src/stm32f4xx_hal_i2c.o
 .text.I2C_WaitOnMasterAddressFlagUntilTimeout
                0x08002a34      0x140 ./Drivers/STM32F4xx_HAL_Driver/Src/stm32f4xx_hal_i2c.o
 .text.I2C_WaitOnTXEFlagUntilTimeout
                0x08002b74       0x90 ./Drivers/STM32F4xx_HAL_Driver/Src/stm32f4xx_hal_i2c.o
 .text.I2C_WaitOnBTFFlagUntilTimeout
                0x08002c04       0x90 ./Drivers/STM32F4xx_HAL_Driver/Src/stm32f4xx_hal_i2c.o
 .text.I2C_WaitOnRXNEFlagUntilTimeout
                0x08002c94       0xba ./Drivers/STM32F4xx_HAL_Driver/Src/stm32f4xx_hal_i2c.o
 .text.I2C_IsAcknowledgeFailed
                0x08002d4e       0x5e ./Drivers/STM32F4xx_HAL_Driver/Src/stm32f4xx_hal_i2c.o
 .text.HAL_RCC_ClockConfig
                0x08002dac      0x1cc ./Drivers/STM32F4xx_HAL_Driver/Src/stm32f4xx_hal_rcc.o
                0x08002dac                HAL_RCC_ClockConfig
 .text.HAL_RCC_GetHCLKFreq
                0x08002f78       0x18 ./Drivers/STM32F4xx_HAL_Driver/Src/stm32f4xx_hal_rcc.o
                0x08002f78                HAL_RCC_GetHCLKFreq
 .text.HAL_RCC_GetPCLK1Freq
                0x08002f90       0x28 ./Drivers/STM32F4xx_HAL_Driver/Src/stm32f4xx_hal_rcc.o
                0x08002f90                HAL_RCC_GetPCLK1Freq
 .text.HAL_RCC_GetPCLK2Freq
                0x08002fb8       0x28 ./Drivers/STM32F4xx_HAL_Driver/Src/stm32f4xx_hal_rcc.o
                0x08002fb8                HAL_RCC_GetPCLK2Freq
 .text.HAL_RCC_GetSysClockFreq
                0x08002fe0      0x460 ./Drivers/STM32F4xx_HAL_Driver/Src/stm32f4xx_hal_rcc_ex.o
                0x08002fe0                HAL_RCC_GetSysClockFreq
 .text.HAL_RCC_OscConfig
                0x08003440      0x53c ./Drivers/STM32F4xx_HAL_Driver/Src/stm32f4xx_hal_rcc_ex.o
                0x08003440                HAL_RCC_OscConfig
 .text.HAL_UART_Init
                0x0800397c       0xa0 ./Drivers/STM32F4xx_HAL_Driver/Src/stm32f4xx_hal_uart.o
                0x0800397c                HAL_UART_Init
 .text.HAL_UART_Transmit
                0x08003a1c      0x116 ./Drivers/STM32F4xx_HAL_Driver/Src/stm32f4xx_hal_uart.o
                0x08003a1c                HAL_UART_Transmit
 .text.UART_WaitOnFlagUntilTimeout
                0x08003b32       0xb2 ./Drivers/STM32F4xx_HAL_Driver/Src/stm32f4xx_hal_uart.o
 .text.UART_EndRxTransfer
                0x08003be4       0xc6 ./Drivers/STM32F4xx_HAL_Driver/Src/stm32f4xx_hal_uart.o
 *fill*         0x08003caa        0x2 
 .text.UART_SetConfig
                0x08003cac      0x4e8 ./Drivers/STM32F4xx_HAL_Driver/Src/stm32f4xx_hal_uart.o
 .text.snprintf
                0x08004194       0x6c /opt/st/stm32cubeide_1.19.0/plugins/com.st.stm32cube.ide.mcu.externaltools.gnu-tools-for-stm32.13.3.rel1.linux64_1.0.0.202410170706/tools/bin/../lib/gcc/arm-none-eabi/13.3.1/../../../../arm-none-eabi/lib/thumb/v7e-m+fp/hard/libc_nano.a(libc_a-snprintf.o)
                0x08004194                snprintf
                0x08004194                sniprintf
 .text.sprintf  0x08004200       0x44 /opt/st/stm32cubeide_1.19.0/plugins/com.st.stm32cube.ide.mcu.externaltools.gnu-tools-for-stm32.13.3.rel1.linux64_1.0.0.202410170706/tools/bin/../lib/gcc/arm-none-eabi/13.3.1/../../../../arm-none-eabi/lib/thumb/v7e-m+fp/hard/libc_nano.a(libc_a-sprintf.o)
                0x08004200                sprintf
                0x08004200                siprintf
 .text.memset   0x08004244       0x10 /opt/st/stm32cubeide_1.19.0/plugins/com.st.stm32cube.ide.mcu.externaltools.gnu-tools-for-stm32.13.3.rel1.linux64_1.0.0.202410170706/tools/bin/../lib/gcc/arm-none-eabi/13.3.1/../../../../arm-none-eabi/lib/thumb/v7e-m+fp/hard/libc_nano.a(libc_a-memset.o)
                0x08004244                memset
 .text.__errno  0x08004254        0xc /opt/st/stm32cubeide_1.19.0/plugins/com.st.stm32cube.ide.mcu.externaltools.gnu-tools-for-stm32.13.3.rel1.linux64_1.0.0.202410170706/tools/bin/../lib/gcc/arm-none-eabi/13.3.1/../../../../arm-none-eabi/lib/thumb/v7e-m+fp/hard/libc_nano.a(libc_a-errno.o)
                0x08004254                __errno
 .text.__libc_init_array
                0x08004260       0x48 /opt/st/stm32cubeide_1.19.0/plugins/com.st.stm32cube.ide.mcu.externaltools.gnu-tools-for-stm32.13.3.rel1.linux64_1.0.0.202410170706/tools/bin/../lib/gcc/arm-none-eabi/13.3.1/../../../../arm-none-eabi/lib/thumb/v7e-m+fp/hard/libc_nano.a(libc_a-init.o)
                0x08004260                __libc_init_array
 .text.__retarget_lock_acquire_recursive
                0x080042a8        0x2 /opt/st/stm32cubeide_1.19.0/plugins/com.st.stm32cube.ide.mcu.externaltools.gnu-tools-for-stm32.13.3.rel1.linux64_1.0.0.202410170706/tools/bin/../lib/gcc/arm-none-eabi/13.3.1/../../../../arm-none-eabi/lib/thumb/v7e-m+fp/hard/libc_nano.a(libc_a-lock.o)
                0x080042a8                __retarget_lock_acquire_recursive
 .text.__retarget_lock_release_recursive
                0x080042aa        0x2 /opt/st/stm32cubeide_1.19.0/plugins/com.st.stm32cube.ide.mcu.externaltools.gnu-tools-for-stm32.13.3.rel1.linux64_1.0.0.202410170706/tools/bin/../lib/gcc/arm-none-eabi/13.3.1/../../../../arm-none-eabi/lib/thumb/v7e-m+fp/hard/libc_nano.a(libc_a-lock.o)
                0x080042aa                __retarget_lock_release_recursive
 .text._free_r  0x080042ac       0x94 /opt/st/stm32cubeide_1.19.0/plugins/com.st.stm32cube.ide.mcu.externaltools.gnu-tools-for-stm32.13.3.rel1.linux64_1.0.0.202410170706/tools/bin/../lib/gcc/arm-none-eabi/13.3.1/../../../../arm-none-eabi/lib/thumb/v7e-m+fp/hard/libc_nano.a(libc_a-freer.o)
                0x080042ac                _free_r
 .text.sbrk_aligned
                0x08004340       0x44 /opt/st/stm32cubeide_1.19.0/plugins/com.st.stm32cube.ide.mcu.externaltools.gnu-tools-for-stm32.13.3.rel1.linux64_1.0.0.202410170706/tools/bin/../lib/gcc/arm-none-eabi/13.3.1/../../../../arm-none-eabi/lib/thumb/v7e-m+fp/hard/libc_nano.a(libc_a-mallocr.o)
 .text._malloc_r
                0x08004384      0x100 /opt/st/stm32cubeide_1.19.0/plugins/com.st.stm32cube.ide.mcu.externaltools.gnu-tools-for-stm32.13.3.rel1.linux64_1.0.0.202410170706/tools/bin/../lib/gcc/arm-none-eabi/13.3.1/../../../../arm-none-eabi/lib/thumb/v7e-m+fp/hard/libc_nano.a(libc_a-mallocr.o)
                0x08004384                _malloc_r
 .text.__malloc_lock
                0x08004484        0xc /opt/st/stm32cubeide_1.19.0/plugins/com.st.stm32cube.ide.mcu.externaltools.gnu-tools-for-stm32.13.3.rel1.linux64_1.0.0.202410170706/tools/bin/../lib/gcc/arm-none-eabi/13.3.1/../../../../arm-none-eabi/lib/thumb/v7e-m+fp/hard/libc_nano.a(libc_a-mlock.o)
                0x08004484                __malloc_lock
 .text.__malloc_unlock
                0x08004490        0xc /opt/st/stm32cubeide_1.19.0/plugins/com.st.stm32cube.ide.mcu.externaltools.gnu-tools-for-stm32.13.3.rel1.linux64_1.0.0.202410170706/tools/bin/../lib/gcc/arm-none-eabi/13.3.1/../../../../arm-none-eabi/lib/thumb/v7e-m+fp/hard/libc_nano.a(libc_a-mlock.o)
                0x08004490                __malloc_unlock
 .text.__ssputs_r
                0x0800449c       0xb6 /opt/st/stm32cubeide_1.19.0/plugins/com.st.stm32cube.ide.mcu.externaltools.gnu-tools-for-stm32.13.3.rel1.linux64_1.0.0.202410170706/tools/bin/../lib/gcc/arm-none-eabi/13.3.1/../../../../arm-none-eabi/lib/thumb/v7e-m+fp/hard/libc_nano.a(libc_a-nano-svfprintf.o)
                0x0800449c                __ssputs_r
 *fill*         0x08004552        0x2 
 .text._svfprintf_r
                0x08004554      0x1f8 /opt/st/stm32cubeide_1.19.0/plugins/com.st.stm32cube.ide.mcu.externaltools.gnu-tools-for-stm32.13.3.rel1.linux64_1.0.0.202410170706/tools/bin/../lib/gcc/arm-none-eabi/13.3.1/../../../../arm-none-eabi/lib/thumb/v7e-m+fp/hard/libc_nano.a(libc_a-nano-svfprintf.o)
                0x08004554                _svfprintf_r
                0x08004554                _svfiprintf_r
 .text._printf_common
                0x0800474c       0xda /opt/st/stm32cubeide_1.19.0/plugins/com.st.stm32cube.ide.mcu.externaltools.gnu-tools-for-stm32.13.3.rel1.linux64_1.0.0.202410170706/tools/bin/../lib/gcc/arm-none-eabi/13.3.1/../../../../arm-none-eabi/lib/thumb/v7e-m+fp/hard/libc_nano.a(libc_a-nano-vfprintf_i.o)
                0x0800474c                _printf_common
 *fill*         0x08004826        0x2 
 .text._printf_i
                0x08004828      0x23c /opt/st/stm32cubeide_1.19.0/plugins/com.st.stm32cube.ide.mcu.externaltools.gnu-tools-for-stm32.13.3.rel1.linux64_1.0.0.202410170706/tools/bin/../lib/gcc/arm-none-eabi/13.3.1/../../../../arm-none-eabi/lib/thumb/v7e-m+fp/hard/libc_nano.a(libc_a-nano-vfprintf_i.o)
                0x08004828                _printf_i
 .text.memmove  0x08004a64       0x34 /opt/st/stm32cubeide_1.19.0/plugins/com.st.stm32cube.ide.mcu.externaltools.gnu-tools-for-stm32.13.3.rel1.linux64_1.0.0.202410170706/tools/bin/../lib/gcc/arm-none-eabi/13.3.1/../../../../arm-none-eabi/lib/thumb/v7e-m+fp/hard/libc_nano.a(libc_a-memmove.o)
                0x08004a64                memmove
 .text._sbrk_r  0x08004a98       0x20 /opt/st/stm32cubeide_1.19.0/plugins/com.st.stm32cube.ide.mcu.externaltools.gnu-tools-for-stm32.13.3.rel1.linux64_1.0.0.202410170706/tools/bin/../lib/gcc/arm-none-eabi/13.3.1/../../../../arm-none-eabi/lib/thumb/v7e-m+fp/hard/libc_nano.a(libc_a-sbrkr.o)
                0x08004a98                _sbrk_r
 .text.memcpy   0x08004ab8       0x1c /opt/st/stm32cubeide_1.19.0/plugins/com.st.stm32cube.ide.mcu.externaltools.gnu-tools-for-stm32.13.3.rel1.linux64_1.0.0.202410170706/tools/bin/../lib/gcc/arm-none-eabi/13.3.1/../../../../arm-none-eabi/lib/thumb/v7e-m+fp/hard/libc_nano.a(libc_a-memcpy-stub.o)
                0x08004ab8                memcpy
 .text._realloc_r
                0x08004ad4       0x5c /opt/st/stm32cubeide_1.19.0/plugins/com.st.stm32cube.ide.mcu.externaltools.gnu-tools-for-stm32.13.3.rel1.linux64_1.0.0.202410170706/tools/bin/../lib/gcc/arm-none-eabi/13.3.1/../../../../arm-none-eabi/lib/thumb/v7e-m+fp/hard/libc_nano.a(libc_a-reallocr.o)
                0x08004ad4                _realloc_r
 .text._malloc_usable_size_r
                0x08004b30       0x10 /opt/st/stm32cubeide_1.19.0/plugins/com.st.stm32cube.ide.mcu.externaltools.gnu-tools-for-stm32.13.3.rel1.linux64_1.0.0.202410170706/tools/bin/../lib/gcc/arm-none-eabi/13.3.1/../../../../arm-none-eabi/lib/thumb/v7e-m+fp/hard/libc_nano.a(libc_a-msizer.o)
                0x08004b30                _malloc_usable_size_r
 *(.glue_7)
 .glue_7        0x08004b40        0x0 linker stubs
 *(.glue_7t)
 .glue_7t       0x08004b40        0x0 linker stubs
 *(.eh_frame)
 .eh_frame      0x08004b40        0x0 /opt/st/stm32cubeide_1.19.0/plugins/com.st.stm32cube.ide.mcu.externaltools.gnu-tools-for-stm32.13.3.rel1.linux64_1.0.0.202410170706/tools/bin/../lib/gcc/arm-none-eabi/13.3.1/thumb/v7e-m+fp/hard/crtbegin.o
 *(.init)
 .init          0x08004b40        0x4 /opt/st/stm32cubeide_1.19.0/plugins/com.st.stm32cube.ide.mcu.externaltools.gnu-tools-for-stm32.13.3.rel1.linux64_1.0.0.202410170706/tools/bin/../lib/gcc/arm-none-eabi/13.3.1/thumb/v7e-m+fp/hard/crti.o
                0x08004b40                _init
 .init          0x08004b44        0x8 /opt/st/stm32cubeide_1.19.0/plugins/com.st.stm32cube.ide.mcu.externaltools.gnu-tools-for-stm32.13.3.rel1.linux64_1.0.0.202410170706/tools/bin/../lib/gcc/arm-none-eabi/13.3.1/thumb/v7e-m+fp/hard/crtn.o
 *(.fini)
 .fini          0x08004b4c        0x4 /opt/st/stm32cubeide_1.19.0/plugins/com.st.stm32cube.ide.mcu.externaltools.gnu-tools-for-stm32.13.3.rel1.linux64_1.0.0.202410170706/tools/bin/../lib/gcc/arm-none-eabi/13.3.1/thumb/v7e-m+fp/hard/crti.o
                0x08004b4c                _fini
 .fini          0x08004b50        0x8 /opt/st/stm32cubeide_1.19.0/plugins/com.st.stm32cube.ide.mcu.externaltools.gnu-tools-for-stm32.13.3.rel1.linux64_1.0.0.202410170706/tools/bin/../lib/gcc/arm-none-eabi/13.3.1/thumb/v7e-m+fp/hard/crtn.o
                0x08004b58                        . = ALIGN (0x4)
                0x08004b58                        _etext = .

.vfp11_veneer   0x08004b58        0x0
 .vfp11_veneer  0x08004b58        0x0 linker stubs

.v4_bx          0x08004b58        0x0
 .v4_bx         0x08004b58        0x0 linker stubs

.iplt           0x08004b58        0x0
 .iplt          0x08004b58        0x0 /opt/st/stm32cubeide_1.19.0/plugins/com.st.stm32cube.ide.mcu.externaltools.gnu-tools-for-stm32.13.3.rel1.linux64_1.0.0.202410170706/tools/bin/../lib/gcc/arm-none-eabi/13.3.1/thumb/v7e-m+fp/hard/crtbegin.o

.rodata         0x08004b58      0x1bc
                0x08004b58                        . = ALIGN (0x4)
 *(.rodata)
 .rodata        0x08004b58       0x25 ./Core/Src/main.o
 *fill*         0x08004b7d        0x3 
 .rodata        0x08004b80       0xbf ./Drivers/API/Src/API_FSM.o
 *fill*         0x08004c3f        0x1 
 .rodata        0x08004c40       0x83 ./Drivers/API/Src/API_uart.o
 *fill*         0x08004cc3        0x1 
 .rodata        0x08004cc4        0x3 ./Drivers/API/Src/common.o
 *(.rodata*)
 *fill*         0x08004cc7        0x1 
 .rodata.AHBPrescTable
                0x08004cc8       0x10 ./Core/Src/system_stm32f4xx.o
                0x08004cc8                AHBPrescTable
 .rodata.APBPrescTable
                0x08004cd8        0x8 ./Core/Src/system_stm32f4xx.o
                0x08004cd8                APBPrescTable
 .rodata._svfprintf_r.str1.1
                0x08004ce0       0x33 /opt/st/stm32cubeide_1.19.0/plugins/com.st.stm32cube.ide.mcu.externaltools.gnu-tools-for-stm32.13.3.rel1.linux64_1.0.0.202410170706/tools/bin/../lib/gcc/arm-none-eabi/13.3.1/../../../../arm-none-eabi/lib/thumb/v7e-m+fp/hard/libc_nano.a(libc_a-nano-svfprintf.o)
                                 0x11 (size before relaxing)
 .rodata._printf_i.str1.1
                0x08004d13       0x22 /opt/st/stm32cubeide_1.19.0/plugins/com.st.stm32cube.ide.mcu.externaltools.gnu-tools-for-stm32.13.3.rel1.linux64_1.0.0.202410170706/tools/bin/../lib/gcc/arm-none-eabi/13.3.1/../../../../arm-none-eabi/lib/thumb/v7e-m+fp/hard/libc_nano.a(libc_a-nano-vfprintf_i.o)
                0x08004d38                        . = ALIGN (0x4)
 *fill*         0x08004d13        0x1 

.ARM.extab      0x08004d14        0x0
                0x08004d14                        . = ALIGN (0x4)
 *(.ARM.extab* .gnu.linkonce.armextab.*)
                0x08004d14                        . = ALIGN (0x4)

.ARM            0x08004d14        0x8
                0x08004d14                        . = ALIGN (0x4)
                0x08004d14                        __exidx_start = .
 *(.ARM.exidx*)
 .ARM.exidx     0x08004d14        0x8 /opt/st/stm32cubeide_1.19.0/plugins/com.st.stm32cube.ide.mcu.externaltools.gnu-tools-for-stm32.13.3.rel1.linux64_1.0.0.202410170706/tools/bin/../lib/gcc/arm-none-eabi/13.3.1/../../../../arm-none-eabi/lib/thumb/v7e-m+fp/hard/libc_nano.a(libc_a-memchr.o)
 .ARM.exidx     0x08004d1c        0x0 /opt/st/stm32cubeide_1.19.0/plugins/com.st.stm32cube.ide.mcu.externaltools.gnu-tools-for-stm32.13.3.rel1.linux64_1.0.0.202410170706/tools/bin/../lib/gcc/arm-none-eabi/13.3.1/thumb/v7e-m+fp/hard/libgcc.a(_udivmoddi4.o)
                                  0x8 (size before relaxing)
                0x08004d1c                        __exidx_end = .
                0x08004d1c                        . = ALIGN (0x4)

.rel.dyn        0x08004d1c        0x0
 .rel.iplt      0x08004d1c        0x0 /opt/st/stm32cubeide_1.19.0/plugins/com.st.stm32cube.ide.mcu.externaltools.gnu-tools-for-stm32.13.3.rel1.linux64_1.0.0.202410170706/tools/bin/../lib/gcc/arm-none-eabi/13.3.1/thumb/v7e-m+fp/hard/crtbegin.o

.preinit_array  0x08004d1c        0x0
                0x08004d1c                        . = ALIGN (0x4)
                0x08004d1c                        PROVIDE (__preinit_array_start = .)
 *(.preinit_array*)
                0x08004d1c                        PROVIDE (__preinit_array_end = .)
                0x08004d1c                        . = ALIGN (0x4)

.init_array     0x08004d1c        0x4
                0x08004d1c                        . = ALIGN (0x4)
                0x08004d1c                        PROVIDE (__init_array_start = .)
 *(SORT_BY_NAME(.init_array.*))
 *(.init_array*)
 .init_array    0x08004d1c        0x4 /opt/st/stm32cubeide_1.19.0/plugins/com.st.stm32cube.ide.mcu.externaltools.gnu-tools-for-stm32.13.3.rel1.linux64_1.0.0.202410170706/tools/bin/../lib/gcc/arm-none-eabi/13.3.1/thumb/v7e-m+fp/hard/crtbegin.o
                0x08004d20                        PROVIDE (__init_array_end = .)
                0x08004d20                        . = ALIGN (0x4)

.fini_array     0x08004d20        0x4
                0x08004d20                        . = ALIGN (0x4)
                [!provide]                        PROVIDE (__fini_array_start = .)
 *(SORT_BY_NAME(.fini_array.*))
 *(.fini_array*)
 .fini_array    0x08004d20        0x4 /opt/st/stm32cubeide_1.19.0/plugins/com.st.stm32cube.ide.mcu.externaltools.gnu-tools-for-stm32.13.3.rel1.linux64_1.0.0.202410170706/tools/bin/../lib/gcc/arm-none-eabi/13.3.1/thumb/v7e-m+fp/hard/crtbegin.o
                [!provide]                        PROVIDE (__fini_array_end = .)
                0x08004d24                        . = ALIGN (0x4)
                0x08004d24                        _sidata = LOADADDR (.data)

.data           0x20000000       0x98 load address 0x08004d24
                0x20000000                        . = ALIGN (0x4)
                0x20000000                        _sdata = .
 *(.data)
 *(.data*)
 .data.ERROR_STAGE_LCD
                0x20000000        0x4 ./Core/Src/main.o
                0x20000000                ERROR_STAGE_LCD
 .data.SystemCoreClock
                0x20000004        0x4 ./Core/Src/system_stm32f4xx.o
                0x20000004                SystemCoreClock
 .data.ROW_ONE_WELCOME
                0x20000008        0x4 ./Drivers/API/Src/API_FSM.o
                0x20000008                ROW_ONE_WELCOME
 .data.ROW_TWO_WELCOME
                0x2000000c        0x4 ./Drivers/API/Src/API_FSM.o
                0x2000000c                ROW_TWO_WELCOME
 .data.UART_WELCOME
                0x20000010        0x4 ./Drivers/API/Src/API_FSM.o
                0x20000010                UART_WELCOME
 .data.READ_DISTANCE
                0x20000014        0x4 ./Drivers/API/Src/API_FSM.o
                0x20000014                READ_DISTANCE
 .data.DISTANCE_UNIT
                0x20000018        0x4 ./Drivers/API/Src/API_FSM.o
                0x20000018                DISTANCE_UNIT
 .data.UART_READ_DISTANCE
                0x2000001c        0x4 ./Drivers/API/Src/API_FSM.o
                0x2000001c                UART_READ_DISTANCE
 .data.CALCULATING_DISTANCE
                0x20000020        0x4 ./Drivers/API/Src/API_FSM.o
                0x20000020                CALCULATING_DISTANCE
 .data.UART_CALCULATING_DISTANCE
                0x20000024        0x4 ./Drivers/API/Src/API_FSM.o
                0x20000024                UART_CALCULATING_DISTANCE
 .data.ERROR_INIT_UART
                0x20000028        0x4 ./Drivers/API/Src/API_FSM.o
                0x20000028                ERROR_INIT_UART
 .data.WAITING_TIME
                0x2000002c        0x4 ./Drivers/API/Src/API_FSM.o
 .data.CLEAR_COMMANDS
                0x20000030        0x2 ./Drivers/API/Src/API_LCD.o
 .data.ROW_SIZE
                0x20000032        0x1 ./Drivers/API/Src/API_LCD.o
 .data.MAX_ADDRESS
                0x20000033        0x1 ./Drivers/API/Src/API_LCD.o
 .data.FIRST_COMMAND
                0x20000034        0x1 ./Drivers/API/Src/API_LCD.o
 .data.SECOND_COMMAND
                0x20000035        0x1 ./Drivers/API/Src/API_LCD.o
 *fill*         0x20000036        0x2 
 .data.INIT_COMMANDS
                0x20000038        0x3 ./Drivers/API/Src/API_LCD.o
 .data.initCommandsSize
                0x2000003b        0x1 ./Drivers/API/Src/API_LCD.o
 .data.clearCommandsSize
                0x2000003c        0x1 ./Drivers/API/Src/API_LCD.o
 .data.ADDRESS  0x2000003d        0x1 ./Drivers/API/Src/API_scanner.o
 .data.WRITE_COMMAND
                0x2000003e        0x1 ./Drivers/API/Src/API_scanner.o
 *fill*         0x2000003f        0x1 
 .data.uwTickPrio
                0x20000040        0x4 ./Drivers/STM32F4xx_HAL_Driver/Src/stm32f4xx_hal.o
                0x20000040                uwTickPrio
 .data.uwTickFreq
                0x20000044        0x1 ./Drivers/STM32F4xx_HAL_Driver/Src/stm32f4xx_hal.o
                0x20000044                uwTickFreq
 *fill*         0x20000045        0x3 
 .data._impure_ptr
                0x20000048        0x4 /opt/st/stm32cubeide_1.19.0/plugins/com.st.stm32cube.ide.mcu.externaltools.gnu-tools-for-stm32.13.3.rel1.linux64_1.0.0.202410170706/tools/bin/../lib/gcc/arm-none-eabi/13.3.1/../../../../arm-none-eabi/lib/thumb/v7e-m+fp/hard/libc_nano.a(libc_a-impure.o)
                0x20000048                _impure_ptr
 .data._impure_data
                0x2000004c       0x4c /opt/st/stm32cubeide_1.19.0/plugins/com.st.stm32cube.ide.mcu.externaltools.gnu-tools-for-stm32.13.3.rel1.linux64_1.0.0.202410170706/tools/bin/../lib/gcc/arm-none-eabi/13.3.1/../../../../arm-none-eabi/lib/thumb/v7e-m+fp/hard/libc_nano.a(libc_a-impure.o)
                0x2000004c                _impure_data
 *(.RamFunc)
 *(.RamFunc*)
                0x20000098                        . = ALIGN (0x4)
                0x20000098                        _edata = .

.igot.plt       0x20000098        0x0 load address 0x08004dbc
 .igot.plt      0x20000098        0x0 /opt/st/stm32cubeide_1.19.0/plugins/com.st.stm32cube.ide.mcu.externaltools.gnu-tools-for-stm32.13.3.rel1.linux64_1.0.0.202410170706/tools/bin/../lib/gcc/arm-none-eabi/13.3.1/thumb/v7e-m+fp/hard/crtbegin.o
                0x20000098                        . = ALIGN (0x4)

.bss            0x20000098      0x278 load address 0x08004dbc
                0x20000098                        _sbss = .
                0x20000098                        __bss_start__ = _sbss
 *(.bss)
 .bss           0x20000098       0x1c /opt/st/stm32cubeide_1.19.0/plugins/com.st.stm32cube.ide.mcu.externaltools.gnu-tools-for-stm32.13.3.rel1.linux64_1.0.0.202410170706/tools/bin/../lib/gcc/arm-none-eabi/13.3.1/thumb/v7e-m+fp/hard/crtbegin.o
 *(.bss*)
 .bss.hi2c1     0x200000b4       0x54 ./Core/Src/main.o
                0x200000b4                hi2c1
 .bss.huart2    0x20000108       0x48 ./Core/Src/main.o
                0x20000108                huart2
 .bss.__sbrk_heap_end
                0x20000150        0x4 ./Core/Src/sysmem.o
 .bss.actualFunction
                0x20000154        0x4 ./Drivers/API/Src/API_FSM.o
 .bss.waitingTimeDelay
                0x20000158        0xc ./Drivers/API/Src/API_FSM.o
 .bss.readValue
                0x20000164        0x2 ./Drivers/API/Src/API_FSM.o
 *fill*         0x20000166        0x2 
 .bss.asciiValueRead
                0x20000168        0x4 ./Drivers/API/Src/API_FSM.o
 .bss.nextAddress
                0x2000016c        0x1 ./Drivers/API/Src/API_LCD.o
 .bss.sentAddress
                0x2000016d        0x1 ./Drivers/API/Src/API_LCD.o
 .bss.lastState
                0x2000016e        0x1 ./Drivers/API/Src/API_debounce.o
 *fill*         0x2000016f        0x1 
 .bss.actualFunction
                0x20000170        0x4 ./Drivers/API/Src/API_debounce.o
 .bss.wasPressed
                0x20000174        0x1 ./Drivers/API/Src/API_debounce.o
 *fill*         0x20000175        0x3 
 .bss.readValue
                0x20000178        0x2 ./Drivers/API/Src/API_scanner.o
 *fill*         0x2000017a        0x2 
 .bss.UartHandle
                0x2000017c       0x48 ./Drivers/API/Src/API_uart.o
 .bss.uwTick    0x200001c4        0x4 ./Drivers/STM32F4xx_HAL_Driver/Src/stm32f4xx_hal.o
                0x200001c4                uwTick
 .bss.__sf      0x200001c8      0x138 /opt/st/stm32cubeide_1.19.0/plugins/com.st.stm32cube.ide.mcu.externaltools.gnu-tools-for-stm32.13.3.rel1.linux64_1.0.0.202410170706/tools/bin/../lib/gcc/arm-none-eabi/13.3.1/../../../../arm-none-eabi/lib/thumb/v7e-m+fp/hard/libc_nano.a(libc_a-findfp.o)
                0x200001c8                __sf
 .bss.errno     0x20000300        0x4 /opt/st/stm32cubeide_1.19.0/plugins/com.st.stm32cube.ide.mcu.externaltools.gnu-tools-for-stm32.13.3.rel1.linux64_1.0.0.202410170706/tools/bin/../lib/gcc/arm-none-eabi/13.3.1/../../../../arm-none-eabi/lib/thumb/v7e-m+fp/hard/libc_nano.a(libc_a-reent.o)
                0x20000300                errno
 .bss.__lock___malloc_recursive_mutex
                0x20000304        0x1 /opt/st/stm32cubeide_1.19.0/plugins/com.st.stm32cube.ide.mcu.externaltools.gnu-tools-for-stm32.13.3.rel1.linux64_1.0.0.202410170706/tools/bin/../lib/gcc/arm-none-eabi/13.3.1/../../../../arm-none-eabi/lib/thumb/v7e-m+fp/hard/libc_nano.a(libc_a-lock.o)
                0x20000304                __lock___malloc_recursive_mutex
 *fill*         0x20000305        0x3 
 .bss.__malloc_sbrk_start
                0x20000308        0x4 /opt/st/stm32cubeide_1.19.0/plugins/com.st.stm32cube.ide.mcu.externaltools.gnu-tools-for-stm32.13.3.rel1.linux64_1.0.0.202410170706/tools/bin/../lib/gcc/arm-none-eabi/13.3.1/../../../../arm-none-eabi/lib/thumb/v7e-m+fp/hard/libc_nano.a(libc_a-mallocr.o)
                0x20000308                __malloc_sbrk_start
 .bss.__malloc_free_list
                0x2000030c        0x4 /opt/st/stm32cubeide_1.19.0/plugins/com.st.stm32cube.ide.mcu.externaltools.gnu-tools-for-stm32.13.3.rel1.linux64_1.0.0.202410170706/tools/bin/../lib/gcc/arm-none-eabi/13.3.1/../../../../arm-none-eabi/lib/thumb/v7e-m+fp/hard/libc_nano.a(libc_a-mallocr.o)
                0x2000030c                __malloc_free_list
 *(COMMON)
                0x20000310                        . = ALIGN (0x4)
                0x20000310                        _ebss = .
                0x20000310                        __bss_end__ = _ebss

._user_heap_stack
                0x20000310      0x600 load address 0x08004dbc
                0x20000310                        . = ALIGN (0x8)
                [!provide]                        PROVIDE (end = .)
                0x20000310                        PROVIDE (_end = .)
                0x20000510                        . = (. + _Min_Heap_Size)
 *fill*         0x20000310      0x200 
                0x20000910                        . = (. + _Min_Stack_Size)
 *fill*         0x20000510      0x400 
                0x20000910                        . = ALIGN (0x8)

/DISCARD/
 libc.a(*)
 libm.a(*)
 libgcc.a(*)

.ARM.attributes
                0x00000000       0x30
 *(.ARM.attributes)
 .ARM.attributes
                0x00000000       0x22 /opt/st/stm32cubeide_1.19.0/plugins/com.st.stm32cube.ide.mcu.externaltools.gnu-tools-for-stm32.13.3.rel1.linux64_1.0.0.202410170706/tools/bin/../lib/gcc/arm-none-eabi/13.3.1/thumb/v7e-m+fp/hard/crti.o
 .ARM.attributes
                0x00000022       0x34 /opt/st/stm32cubeide_1.19.0/plugins/com.st.stm32cube.ide.mcu.externaltools.gnu-tools-for-stm32.13.3.rel1.linux64_1.0.0.202410170706/tools/bin/../lib/gcc/arm-none-eabi/13.3.1/thumb/v7e-m+fp/hard/crtbegin.o
 .ARM.attributes
                0x00000056       0x34 ./Core/Src/main.o
 .ARM.attributes
                0x0000008a       0x34 ./Core/Src/stm32f4xx_hal_msp.o
 .ARM.attributes
                0x000000be       0x34 ./Core/Src/stm32f4xx_it.o
 .ARM.attributes
                0x000000f2       0x34 ./Core/Src/sysmem.o
 .ARM.attributes
                0x00000126       0x34 ./Core/Src/system_stm32f4xx.o
 .ARM.attributes
                0x0000015a       0x21 ./Core/Startup/startup_stm32f446retx.o
 .ARM.attributes
                0x0000017b       0x34 ./Drivers/API/Src/API_FSM.o
 .ARM.attributes
                0x000001af       0x34 ./Drivers/API/Src/API_I2c.o
 .ARM.attributes
                0x000001e3       0x34 ./Drivers/API/Src/API_LCD.o
 .ARM.attributes
                0x00000217       0x34 ./Drivers/API/Src/API_LCD_port.o
 .ARM.attributes
                0x0000024b       0x34 ./Drivers/API/Src/API_debounce.o
 .ARM.attributes
                0x0000027f       0x34 ./Drivers/API/Src/API_delay.o
 .ARM.attributes
                0x000002b3       0x34 ./Drivers/API/Src/API_hardware.o
 .ARM.attributes
                0x000002e7       0x34 ./Drivers/API/Src/API_scanner.o
 .ARM.attributes
                0x0000031b       0x34 ./Drivers/API/Src/API_uart.o
 .ARM.attributes
                0x0000034f       0x34 ./Drivers/API/Src/common.o
 .ARM.attributes
                0x00000383       0x34 ./Drivers/STM32F4xx_HAL_Driver/Src/stm32f4xx_hal.o
 .ARM.attributes
                0x000003b7       0x34 ./Drivers/STM32F4xx_HAL_Driver/Src/stm32f4xx_hal_cortex.o
 .ARM.attributes
                0x000003eb       0x34 ./Drivers/STM32F4xx_HAL_Driver/Src/stm32f4xx_hal_gpio.o
 .ARM.attributes
                0x0000041f       0x34 ./Drivers/STM32F4xx_HAL_Driver/Src/stm32f4xx_hal_i2c.o
 .ARM.attributes
                0x00000453       0x34 ./Drivers/STM32F4xx_HAL_Driver/Src/stm32f4xx_hal_rcc.o
 .ARM.attributes
                0x00000487       0x34 ./Drivers/STM32F4xx_HAL_Driver/Src/stm32f4xx_hal_rcc_ex.o
 .ARM.attributes
                0x000004bb       0x34 ./Drivers/STM32F4xx_HAL_Driver/Src/stm32f4xx_hal_uart.o
 .ARM.attributes
                0x000004ef       0x34 /opt/st/stm32cubeide_1.19.0/plugins/com.st.stm32cube.ide.mcu.externaltools.gnu-tools-for-stm32.13.3.rel1.linux64_1.0.0.202410170706/tools/bin/../lib/gcc/arm-none-eabi/13.3.1/../../../../arm-none-eabi/lib/thumb/v7e-m+fp/hard/libc_nano.a(libc_a-findfp.o)
 .ARM.attributes
                0x00000523       0x34 /opt/st/stm32cubeide_1.19.0/plugins/com.st.stm32cube.ide.mcu.externaltools.gnu-tools-for-stm32.13.3.rel1.linux64_1.0.0.202410170706/tools/bin/../lib/gcc/arm-none-eabi/13.3.1/../../../../arm-none-eabi/lib/thumb/v7e-m+fp/hard/libc_nano.a(libc_a-snprintf.o)
 .ARM.attributes
                0x00000557       0x34 /opt/st/stm32cubeide_1.19.0/plugins/com.st.stm32cube.ide.mcu.externaltools.gnu-tools-for-stm32.13.3.rel1.linux64_1.0.0.202410170706/tools/bin/../lib/gcc/arm-none-eabi/13.3.1/../../../../arm-none-eabi/lib/thumb/v7e-m+fp/hard/libc_nano.a(libc_a-sprintf.o)
 .ARM.attributes
                0x0000058b       0x34 /opt/st/stm32cubeide_1.19.0/plugins/com.st.stm32cube.ide.mcu.externaltools.gnu-tools-for-stm32.13.3.rel1.linux64_1.0.0.202410170706/tools/bin/../lib/gcc/arm-none-eabi/13.3.1/../../../../arm-none-eabi/lib/thumb/v7e-m+fp/hard/libc_nano.a(libc_a-memset.o)
 .ARM.attributes
                0x000005bf       0x34 /opt/st/stm32cubeide_1.19.0/plugins/com.st.stm32cube.ide.mcu.externaltools.gnu-tools-for-stm32.13.3.rel1.linux64_1.0.0.202410170706/tools/bin/../lib/gcc/arm-none-eabi/13.3.1/../../../../arm-none-eabi/lib/thumb/v7e-m+fp/hard/libc_nano.a(libc_a-reent.o)
 .ARM.attributes
                0x000005f3       0x34 /opt/st/stm32cubeide_1.19.0/plugins/com.st.stm32cube.ide.mcu.externaltools.gnu-tools-for-stm32.13.3.rel1.linux64_1.0.0.202410170706/tools/bin/../lib/gcc/arm-none-eabi/13.3.1/../../../../arm-none-eabi/lib/thumb/v7e-m+fp/hard/libc_nano.a(libc_a-impure.o)
 .ARM.attributes
                0x00000627       0x34 /opt/st/stm32cubeide_1.19.0/plugins/com.st.stm32cube.ide.mcu.externaltools.gnu-tools-for-stm32.13.3.rel1.linux64_1.0.0.202410170706/tools/bin/../lib/gcc/arm-none-eabi/13.3.1/../../../../arm-none-eabi/lib/thumb/v7e-m+fp/hard/libc_nano.a(libc_a-errno.o)
 .ARM.attributes
                0x0000065b       0x34 /opt/st/stm32cubeide_1.19.0/plugins/com.st.stm32cube.ide.mcu.externaltools.gnu-tools-for-stm32.13.3.rel1.linux64_1.0.0.202410170706/tools/bin/../lib/gcc/arm-none-eabi/13.3.1/../../../../arm-none-eabi/lib/thumb/v7e-m+fp/hard/libc_nano.a(libc_a-init.o)
 .ARM.attributes
                0x0000068f       0x34 /opt/st/stm32cubeide_1.19.0/plugins/com.st.stm32cube.ide.mcu.externaltools.gnu-tools-for-stm32.13.3.rel1.linux64_1.0.0.202410170706/tools/bin/../lib/gcc/arm-none-eabi/13.3.1/../../../../arm-none-eabi/lib/thumb/v7e-m+fp/hard/libc_nano.a(libc_a-lock.o)
 .ARM.attributes
                0x000006c3       0x34 /opt/st/stm32cubeide_1.19.0/plugins/com.st.stm32cube.ide.mcu.externaltools.gnu-tools-for-stm32.13.3.rel1.linux64_1.0.0.202410170706/tools/bin/../lib/gcc/arm-none-eabi/13.3.1/../../../../arm-none-eabi/lib/thumb/v7e-m+fp/hard/libc_nano.a(libc_a-freer.o)
 .ARM.attributes
                0x000006f7       0x34 /opt/st/stm32cubeide_1.19.0/plugins/com.st.stm32cube.ide.mcu.externaltools.gnu-tools-for-stm32.13.3.rel1.linux64_1.0.0.202410170706/tools/bin/../lib/gcc/arm-none-eabi/13.3.1/../../../../arm-none-eabi/lib/thumb/v7e-m+fp/hard/libc_nano.a(libc_a-mallocr.o)
 .ARM.attributes
                0x0000072b       0x34 /opt/st/stm32cubeide_1.19.0/plugins/com.st.stm32cube.ide.mcu.externaltools.gnu-tools-for-stm32.13.3.rel1.linux64_1.0.0.202410170706/tools/bin/../lib/gcc/arm-none-eabi/13.3.1/../../../../arm-none-eabi/lib/thumb/v7e-m+fp/hard/libc_nano.a(libc_a-mlock.o)
 .ARM.attributes
                0x0000075f       0x34 /opt/st/stm32cubeide_1.19.0/plugins/com.st.stm32cube.ide.mcu.externaltools.gnu-tools-for-stm32.13.3.rel1.linux64_1.0.0.202410170706/tools/bin/../lib/gcc/arm-none-eabi/13.3.1/../../../../arm-none-eabi/lib/thumb/v7e-m+fp/hard/libc_nano.a(libc_a-nano-svfprintf.o)
 .ARM.attributes
                0x00000793       0x34 /opt/st/stm32cubeide_1.19.0/plugins/com.st.stm32cube.ide.mcu.externaltools.gnu-tools-for-stm32.13.3.rel1.linux64_1.0.0.202410170706/tools/bin/../lib/gcc/arm-none-eabi/13.3.1/../../../../arm-none-eabi/lib/thumb/v7e-m+fp/hard/libc_nano.a(libc_a-nano-vfprintf_i.o)
 .ARM.attributes
                0x000007c7       0x34 /opt/st/stm32cubeide_1.19.0/plugins/com.st.stm32cube.ide.mcu.externaltools.gnu-tools-for-stm32.13.3.rel1.linux64_1.0.0.202410170706/tools/bin/../lib/gcc/arm-none-eabi/13.3.1/../../../../arm-none-eabi/lib/thumb/v7e-m+fp/hard/libc_nano.a(libc_a-memmove.o)
 .ARM.attributes
                0x000007fb       0x34 /opt/st/stm32cubeide_1.19.0/plugins/com.st.stm32cube.ide.mcu.externaltools.gnu-tools-for-stm32.13.3.rel1.linux64_1.0.0.202410170706/tools/bin/../lib/gcc/arm-none-eabi/13.3.1/../../../../arm-none-eabi/lib/thumb/v7e-m+fp/hard/libc_nano.a(libc_a-sbrkr.o)
 .ARM.attributes
                0x0000082f       0x1c /opt/st/stm32cubeide_1.19.0/plugins/com.st.stm32cube.ide.mcu.externaltools.gnu-tools-for-stm32.13.3.rel1.linux64_1.0.0.202410170706/tools/bin/../lib/gcc/arm-none-eabi/13.3.1/../../../../arm-none-eabi/lib/thumb/v7e-m+fp/hard/libc_nano.a(libc_a-memchr.o)
 .ARM.attributes
                0x0000084b       0x34 /opt/st/stm32cubeide_1.19.0/plugins/com.st.stm32cube.ide.mcu.externaltools.gnu-tools-for-stm32.13.3.rel1.linux64_1.0.0.202410170706/tools/bin/../lib/gcc/arm-none-eabi/13.3.1/../../../../arm-none-eabi/lib/thumb/v7e-m+fp/hard/libc_nano.a(libc_a-memcpy-stub.o)
 .ARM.attributes
                0x0000087f       0x34 /opt/st/stm32cubeide_1.19.0/plugins/com.st.stm32cube.ide.mcu.externaltools.gnu-tools-for-stm32.13.3.rel1.linux64_1.0.0.202410170706/tools/bin/../lib/gcc/arm-none-eabi/13.3.1/../../../../arm-none-eabi/lib/thumb/v7e-m+fp/hard/libc_nano.a(libc_a-reallocr.o)
 .ARM.attributes
                0x000008b3       0x34 /opt/st/stm32cubeide_1.19.0/plugins/com.st.stm32cube.ide.mcu.externaltools.gnu-tools-for-stm32.13.3.rel1.linux64_1.0.0.202410170706/tools/bin/../lib/gcc/arm-none-eabi/13.3.1/../../../../arm-none-eabi/lib/thumb/v7e-m+fp/hard/libc_nano.a(libc_a-msizer.o)
 .ARM.attributes
                0x000008e7       0x22 /opt/st/stm32cubeide_1.19.0/plugins/com.st.stm32cube.ide.mcu.externaltools.gnu-tools-for-stm32.13.3.rel1.linux64_1.0.0.202410170706/tools/bin/../lib/gcc/arm-none-eabi/13.3.1/thumb/v7e-m+fp/hard/libgcc.a(_aeabi_uldivmod.o)
 .ARM.attributes
                0x00000909       0x34 /opt/st/stm32cubeide_1.19.0/plugins/com.st.stm32cube.ide.mcu.externaltools.gnu-tools-for-stm32.13.3.rel1.linux64_1.0.0.202410170706/tools/bin/../lib/gcc/arm-none-eabi/13.3.1/thumb/v7e-m+fp/hard/libgcc.a(_udivmoddi4.o)
 .ARM.attributes
                0x0000093d       0x22 /opt/st/stm32cubeide_1.19.0/plugins/com.st.stm32cube.ide.mcu.externaltools.gnu-tools-for-stm32.13.3.rel1.linux64_1.0.0.202410170706/tools/bin/../lib/gcc/arm-none-eabi/13.3.1/thumb/v7e-m+fp/hard/libgcc.a(_dvmd_tls.o)
 .ARM.attributes
                0x0000095f       0x22 /opt/st/stm32cubeide_1.19.0/plugins/com.st.stm32cube.ide.mcu.externaltools.gnu-tools-for-stm32.13.3.rel1.linux64_1.0.0.202410170706/tools/bin/../lib/gcc/arm-none-eabi/13.3.1/thumb/v7e-m+fp/hard/crtn.o
OUTPUT(tpFinal.elf elf32-littlearm)
LOAD linker stubs
LOAD /opt/st/stm32cubeide_1.19.0/plugins/com.st.stm32cube.ide.mcu.externaltools.gnu-tools-for-stm32.13.3.rel1.linux64_1.0.0.202410170706/tools/bin/../lib/gcc/arm-none-eabi/13.3.1/../../../../arm-none-eabi/lib/thumb/v7e-m+fp/hard/libc.a
LOAD /opt/st/stm32cubeide_1.19.0/plugins/com.st.stm32cube.ide.mcu.externaltools.gnu-tools-for-stm32.13.3.rel1.linux64_1.0.0.202410170706/tools/bin/../lib/gcc/arm-none-eabi/13.3.1/../../../../arm-none-eabi/lib/thumb/v7e-m+fp/hard/libm.a
LOAD /opt/st/stm32cubeide_1.19.0/plugins/com.st.stm32cube.ide.mcu.externaltools.gnu-tools-for-stm32.13.3.rel1.linux64_1.0.0.202410170706/tools/bin/../lib/gcc/arm-none-eabi/13.3.1/thumb/v7e-m+fp/hard/libgcc.a

.debug_info     0x00000000     0xc921
 .debug_info    0x00000000      0xf0c ./Core/Src/main.o
 .debug_info    0x00000f0c      0xc4c ./Core/Src/stm32f4xx_hal_msp.o
 .debug_info    0x00001b58      0x112 ./Core/Src/stm32f4xx_it.o
 .debug_info    0x00001c6a      0x168 ./Core/Src/sysmem.o
 .debug_info    0x00001dd2      0x54a ./Core/Src/system_stm32f4xx.o
 .debug_info    0x0000231c       0x30 ./Core/Startup/startup_stm32f446retx.o
 .debug_info    0x0000234c      0x425 ./Drivers/API/Src/API_FSM.o
 .debug_info    0x00002771      0x72e ./Drivers/API/Src/API_I2c.o
 .debug_info    0x00002e9f      0x2ae ./Drivers/API/Src/API_LCD.o
 .debug_info    0x0000314d      0x2a4 ./Drivers/API/Src/API_LCD_port.o
 .debug_info    0x000033f1      0x1d5 ./Drivers/API/Src/API_debounce.o
 .debug_info    0x000035c6      0x1de ./Drivers/API/Src/API_delay.o
 .debug_info    0x000037a4      0x272 ./Drivers/API/Src/API_hardware.o
 .debug_info    0x00003a16      0x175 ./Drivers/API/Src/API_scanner.o
 .debug_info    0x00003b8b      0x80c ./Drivers/API/Src/API_uart.o
 .debug_info    0x00004397      0x16c ./Drivers/API/Src/common.o
 .debug_info    0x00004503      0x99a ./Drivers/STM32F4xx_HAL_Driver/Src/stm32f4xx_hal.o
 .debug_info    0x00004e9d      0xdaa ./Drivers/STM32F4xx_HAL_Driver/Src/stm32f4xx_hal_cortex.o
 .debug_info    0x00005c47      0x70b ./Drivers/STM32F4xx_HAL_Driver/Src/stm32f4xx_hal_gpio.o
 .debug_info    0x00006352     0x2421 ./Drivers/STM32F4xx_HAL_Driver/Src/stm32f4xx_hal_i2c.o
 .debug_info    0x00008773      0x8ff ./Drivers/STM32F4xx_HAL_Driver/Src/stm32f4xx_hal_rcc.o
 .debug_info    0x00009072      0x960 ./Drivers/STM32F4xx_HAL_Driver/Src/stm32f4xx_hal_rcc_ex.o
 .debug_info    0x000099d2     0x2f4f ./Drivers/STM32F4xx_HAL_Driver/Src/stm32f4xx_hal_uart.o

.debug_abbrev   0x00000000     0x252a
 .debug_abbrev  0x00000000      0x27f ./Core/Src/main.o
 .debug_abbrev  0x0000027f      0x1c2 ./Core/Src/stm32f4xx_hal_msp.o
 .debug_abbrev  0x00000441       0x73 ./Core/Src/stm32f4xx_it.o
 .debug_abbrev  0x000004b4       0xbc ./Core/Src/sysmem.o
 .debug_abbrev  0x00000570      0x11a ./Core/Src/system_stm32f4xx.o
 .debug_abbrev  0x0000068a       0x24 ./Core/Startup/startup_stm32f446retx.o
 .debug_abbrev  0x000006ae      0x171 ./Drivers/API/Src/API_FSM.o
 .debug_abbrev  0x0000081f      0x18c ./Drivers/API/Src/API_I2c.o
 .debug_abbrev  0x000009ab      0x15e ./Drivers/API/Src/API_LCD.o
 .debug_abbrev  0x00000b09       0xfc ./Drivers/API/Src/API_LCD_port.o
 .debug_abbrev  0x00000c05      0x13c ./Drivers/API/Src/API_debounce.o
 .debug_abbrev  0x00000d41       0xf8 ./Drivers/API/Src/API_delay.o
 .debug_abbrev  0x00000e39      0x18d ./Drivers/API/Src/API_hardware.o
 .debug_abbrev  0x00000fc6       0xd1 ./Drivers/API/Src/API_scanner.o
 .debug_abbrev  0x00001097      0x230 ./Drivers/API/Src/API_uart.o
 .debug_abbrev  0x000012c7       0xdb ./Drivers/API/Src/common.o
 .debug_abbrev  0x000013a2      0x214 ./Drivers/STM32F4xx_HAL_Driver/Src/stm32f4xx_hal.o
 .debug_abbrev  0x000015b6      0x31d ./Drivers/STM32F4xx_HAL_Driver/Src/stm32f4xx_hal_cortex.o
 .debug_abbrev  0x000018d3      0x1d4 ./Drivers/STM32F4xx_HAL_Driver/Src/stm32f4xx_hal_gpio.o
 .debug_abbrev  0x00001aa7      0x2ad ./Drivers/STM32F4xx_HAL_Driver/Src/stm32f4xx_hal_i2c.o
 .debug_abbrev  0x00001d54      0x2b7 ./Drivers/STM32F4xx_HAL_Driver/Src/stm32f4xx_hal_rcc.o
 .debug_abbrev  0x0000200b      0x211 ./Drivers/STM32F4xx_HAL_Driver/Src/stm32f4xx_hal_rcc_ex.o
 .debug_abbrev  0x0000221c      0x30e ./Drivers/STM32F4xx_HAL_Driver/Src/stm32f4xx_hal_uart.o

.debug_aranges  0x00000000      0xbd8
 .debug_aranges
                0x00000000       0x48 ./Core/Src/main.o
 .debug_aranges
                0x00000048       0x40 ./Core/Src/stm32f4xx_hal_msp.o
 .debug_aranges
                0x00000088       0x60 ./Core/Src/stm32f4xx_it.o
 .debug_aranges
                0x000000e8       0x20 ./Core/Src/sysmem.o
 .debug_aranges
                0x00000108       0x28 ./Core/Src/system_stm32f4xx.o
 .debug_aranges
                0x00000130       0x28 ./Core/Startup/startup_stm32f446retx.o
 .debug_aranges
                0x00000158       0x50 ./Drivers/API/Src/API_FSM.o
 .debug_aranges
                0x000001a8       0x30 ./Drivers/API/Src/API_I2c.o
 .debug_aranges
                0x000001d8       0x48 ./Drivers/API/Src/API_LCD.o
 .debug_aranges
                0x00000220       0x30 ./Drivers/API/Src/API_LCD_port.o
 .debug_aranges
                0x00000250       0x48 ./Drivers/API/Src/API_debounce.o
 .debug_aranges
                0x00000298       0x40 ./Drivers/API/Src/API_delay.o
 .debug_aranges
                0x000002d8       0x40 ./Drivers/API/Src/API_hardware.o
 .debug_aranges
                0x00000318       0x28 ./Drivers/API/Src/API_scanner.o
 .debug_aranges
                0x00000340       0x48 ./Drivers/API/Src/API_uart.o
 .debug_aranges
                0x00000388       0x28 ./Drivers/API/Src/common.o
 .debug_aranges
                0x000003b0       0xf0 ./Drivers/STM32F4xx_HAL_Driver/Src/stm32f4xx_hal.o
 .debug_aranges
                0x000004a0      0x130 ./Drivers/STM32F4xx_HAL_Driver/Src/stm32f4xx_hal_cortex.o
 .debug_aranges
                0x000005d0       0x58 ./Drivers/STM32F4xx_HAL_Driver/Src/stm32f4xx_hal_gpio.o
 .debug_aranges
                0x00000628      0x2a8 ./Drivers/STM32F4xx_HAL_Driver/Src/stm32f4xx_hal_i2c.o
 .debug_aranges
                0x000008d0       0x88 ./Drivers/STM32F4xx_HAL_Driver/Src/stm32f4xx_hal_rcc.o
 .debug_aranges
                0x00000958       0x78 ./Drivers/STM32F4xx_HAL_Driver/Src/stm32f4xx_hal_rcc_ex.o
 .debug_aranges
                0x000009d0      0x208 ./Drivers/STM32F4xx_HAL_Driver/Src/stm32f4xx_hal_uart.o

.debug_rnglists
                0x00000000      0x909
 .debug_rnglists
                0x00000000       0x33 ./Core/Src/main.o
 .debug_rnglists
                0x00000033       0x2d ./Core/Src/stm32f4xx_hal_msp.o
 .debug_rnglists
                0x00000060       0x43 ./Core/Src/stm32f4xx_it.o
 .debug_rnglists
                0x000000a3       0x13 ./Core/Src/sysmem.o
 .debug_rnglists
                0x000000b6       0x1a ./Core/Src/system_stm32f4xx.o
 .debug_rnglists
                0x000000d0       0x19 ./Core/Startup/startup_stm32f446retx.o
 .debug_rnglists
                0x000000e9       0x39 ./Drivers/API/Src/API_FSM.o
 .debug_rnglists
                0x00000122       0x1f ./Drivers/API/Src/API_I2c.o
 .debug_rnglists
                0x00000141       0x32 ./Drivers/API/Src/API_LCD.o
 .debug_rnglists
                0x00000173       0x21 ./Drivers/API/Src/API_LCD_port.o
 .debug_rnglists
                0x00000194       0x31 ./Drivers/API/Src/API_debounce.o
 .debug_rnglists
                0x000001c5       0x2b ./Drivers/API/Src/API_delay.o
 .debug_rnglists
                0x000001f0       0x2b ./Drivers/API/Src/API_hardware.o
 .debug_rnglists
                0x0000021b       0x19 ./Drivers/API/Src/API_scanner.o
 .debug_rnglists
                0x00000234       0x32 ./Drivers/API/Src/API_uart.o
 .debug_rnglists
                0x00000266       0x19 ./Drivers/API/Src/common.o
 .debug_rnglists
                0x0000027f       0xaf ./Drivers/STM32F4xx_HAL_Driver/Src/stm32f4xx_hal.o
 .debug_rnglists
                0x0000032e       0xe0 ./Drivers/STM32F4xx_HAL_Driver/Src/stm32f4xx_hal_cortex.o
 .debug_rnglists
                0x0000040e       0x3f ./Drivers/STM32F4xx_HAL_Driver/Src/stm32f4xx_hal_gpio.o
 .debug_rnglists
                0x0000044d      0x23c ./Drivers/STM32F4xx_HAL_Driver/Src/stm32f4xx_hal_i2c.o
 .debug_rnglists
                0x00000689       0x66 ./Drivers/STM32F4xx_HAL_Driver/Src/stm32f4xx_hal_rcc.o
 .debug_rnglists
                0x000006ef       0x5e ./Drivers/STM32F4xx_HAL_Driver/Src/stm32f4xx_hal_rcc_ex.o
 .debug_rnglists
                0x0000074d      0x1bc ./Drivers/STM32F4xx_HAL_Driver/Src/stm32f4xx_hal_uart.o

.debug_macro    0x00000000    0x21fda
 .debug_macro   0x00000000      0x1ff ./Core/Src/main.o
 .debug_macro   0x000001ff      0xad8 ./Core/Src/main.o
 .debug_macro   0x00000cd7      0x29b ./Core/Src/main.o
 .debug_macro   0x00000f72       0x2e ./Core/Src/main.o
 .debug_macro   0x00000fa0       0x28 ./Core/Src/main.o
 .debug_macro   0x00000fc8       0x22 ./Core/Src/main.o
 .debug_macro   0x00000fea       0x8e ./Core/Src/main.o
 .debug_macro   0x00001078       0x51 ./Core/Src/main.o
 .debug_macro   0x000010c9      0x103 ./Core/Src/main.o
 .debug_macro   0x000011cc       0x6a ./Core/Src/main.o
 .debug_macro   0x00001236      0x1df ./Core/Src/main.o
 .debug_macro   0x00001415       0x1c ./Core/Src/main.o
 .debug_macro   0x00001431       0x22 ./Core/Src/main.o
 .debug_macro   0x00001453       0xfb ./Core/Src/main.o
 .debug_macro   0x0000154e     0x1011 ./Core/Src/main.o
 .debug_macro   0x0000255f      0x11f ./Core/Src/main.o
 .debug_macro   0x0000267e    0x1675e ./Core/Src/main.o
 .debug_macro   0x00018ddc       0x6d ./Core/Src/main.o
 .debug_macro   0x00018e49     0x3693 ./Core/Src/main.o
 .debug_macro   0x0001c4dc      0x190 ./Core/Src/main.o
 .debug_macro   0x0001c66c       0x5c ./Core/Src/main.o
 .debug_macro   0x0001c6c8      0xca5 ./Core/Src/main.o
 .debug_macro   0x0001d36d      0x9e9 ./Core/Src/main.o
 .debug_macro   0x0001dd56      0x115 ./Core/Src/main.o
 .debug_macro   0x0001de6b      0x1a0 ./Core/Src/main.o
 .debug_macro   0x0001e00b       0xa5 ./Core/Src/main.o
 .debug_macro   0x0001e0b0      0x16d ./Core/Src/main.o
 .debug_macro   0x0001e21d      0x287 ./Core/Src/main.o
 .debug_macro   0x0001e4a4       0x5f ./Core/Src/main.o
 .debug_macro   0x0001e503      0x236 ./Core/Src/main.o
 .debug_macro   0x0001e739      0x132 ./Core/Src/main.o
 .debug_macro   0x0001e86b      0x29c ./Core/Src/main.o
 .debug_macro   0x0001eb07       0x2e ./Core/Src/main.o
 .debug_macro   0x0001eb35      0x1b5 ./Core/Src/main.o
 .debug_macro   0x0001ecea       0x22 ./Core/Src/main.o
 .debug_macro   0x0001ed0c       0xd6 ./Core/Src/main.o
 .debug_macro   0x0001ede2      0x127 ./Core/Src/main.o
 .debug_macro   0x0001ef09       0xe8 ./Core/Src/main.o
 .debug_macro   0x0001eff1       0x89 ./Core/Src/main.o
 .debug_macro   0x0001f07a      0x2aa ./Core/Src/main.o
 .debug_macro   0x0001f324      0x126 ./Core/Src/main.o
 .debug_macro   0x0001f44a       0x22 ./Core/Src/main.o
 .debug_macro   0x0001f46c       0x58 ./Core/Src/main.o
 .debug_macro   0x0001f4c4      0x1eb ./Core/Src/stm32f4xx_hal_msp.o
 .debug_macro   0x0001f6af      0x1f5 ./Core/Src/stm32f4xx_it.o
 .debug_macro   0x0001f8a4      0x112 ./Core/Src/sysmem.o
 .debug_macro   0x0001f9b6      0x23c ./Core/Src/sysmem.o
 .debug_macro   0x0001fbf2      0x1d3 ./Core/Src/system_stm32f4xx.o
 .debug_macro   0x0001fdc5      0x2fa ./Drivers/API/Src/API_FSM.o
 .debug_macro   0x000200bf       0x61 ./Drivers/API/Src/API_FSM.o
 .debug_macro   0x00020120       0x16 ./Drivers/API/Src/API_FSM.o
 .debug_macro   0x00020136       0x9e ./Drivers/API/Src/API_FSM.o
 .debug_macro   0x000201d4      0x112 ./Drivers/API/Src/API_FSM.o
 .debug_macro   0x000202e6       0x16 ./Drivers/API/Src/API_FSM.o
 .debug_macro   0x000202fc       0x56 ./Drivers/API/Src/API_FSM.o
 .debug_macro   0x00020352      0x1e6 ./Drivers/API/Src/API_I2c.o
 .debug_macro   0x00020538      0x20e ./Drivers/API/Src/API_LCD.o
 .debug_macro   0x00020746       0xa2 ./Drivers/API/Src/API_LCD_port.o
 .debug_macro   0x000207e8       0x80 ./Drivers/API/Src/API_debounce.o
 .debug_macro   0x00020868      0x2c6 ./Drivers/API/Src/API_delay.o
 .debug_macro   0x00020b2e      0x1fe ./Drivers/API/Src/API_hardware.o
 .debug_macro   0x00020d2c       0x85 ./Drivers/API/Src/API_scanner.o
 .debug_macro   0x00020db1      0x2e8 ./Drivers/API/Src/API_uart.o
 .debug_macro   0x00021099       0x10 ./Drivers/API/Src/API_uart.o
 .debug_macro   0x000210a9       0x20 ./Drivers/API/Src/API_uart.o
 .debug_macro   0x000210c9       0x1c ./Drivers/API/Src/API_uart.o
 .debug_macro   0x000210e5      0x157 ./Drivers/API/Src/common.o
 .debug_macro   0x0002123c      0x233 ./Drivers/STM32F4xx_HAL_Driver/Src/stm32f4xx_hal.o
 .debug_macro   0x0002146f      0x1d3 ./Drivers/STM32F4xx_HAL_Driver/Src/stm32f4xx_hal_cortex.o
 .debug_macro   0x00021642      0x1d9 ./Drivers/STM32F4xx_HAL_Driver/Src/stm32f4xx_hal_gpio.o
 .debug_macro   0x0002181b      0x221 ./Drivers/STM32F4xx_HAL_Driver/Src/stm32f4xx_hal_i2c.o
 .debug_macro   0x00021a3c      0x1f7 ./Drivers/STM32F4xx_HAL_Driver/Src/stm32f4xx_hal_rcc.o
 .debug_macro   0x00021c33      0x1d3 ./Drivers/STM32F4xx_HAL_Driver/Src/stm32f4xx_hal_rcc_ex.o
 .debug_macro   0x00021e06      0x1d4 ./Drivers/STM32F4xx_HAL_Driver/Src/stm32f4xx_hal_uart.o

.debug_line     0x00000000    0x109aa
 .debug_line    0x00000000      0x83f ./Core/Src/main.o
 .debug_line    0x0000083f      0x734 ./Core/Src/stm32f4xx_hal_msp.o
 .debug_line    0x00000f73      0x747 ./Core/Src/stm32f4xx_it.o
 .debug_line    0x000016ba      0x4bd ./Core/Src/sysmem.o
 .debug_line    0x00001b77      0x710 ./Core/Src/system_stm32f4xx.o
 .debug_line    0x00002287       0x7a ./Core/Startup/startup_stm32f446retx.o
 .debug_line    0x00002301      0xa6a ./Drivers/API/Src/API_FSM.o
 .debug_line    0x00002d6b      0x715 ./Drivers/API/Src/API_I2c.o
 .debug_line    0x00003480      0x859 ./Drivers/API/Src/API_LCD.o
 .debug_line    0x00003cd9      0x48f ./Drivers/API/Src/API_LCD_port.o
 .debug_line    0x00004168      0x47a ./Drivers/API/Src/API_debounce.o
 .debug_line    0x000045e2      0x8db ./Drivers/API/Src/API_delay.o
 .debug_line    0x00004ebd      0x73f ./Drivers/API/Src/API_hardware.o
 .debug_line    0x000055fc      0x3ec ./Drivers/API/Src/API_scanner.o
 .debug_line    0x000059e8      0x929 ./Drivers/API/Src/API_uart.o
 .debug_line    0x00006311      0x53e ./Drivers/API/Src/common.o
 .debug_line    0x0000684f      0x97d ./Drivers/STM32F4xx_HAL_Driver/Src/stm32f4xx_hal.o
 .debug_line    0x000071cc      0xc4d ./Drivers/STM32F4xx_HAL_Driver/Src/stm32f4xx_hal_cortex.o
 .debug_line    0x00007e19      0xac1 ./Drivers/STM32F4xx_HAL_Driver/Src/stm32f4xx_hal_gpio.o
 .debug_line    0x000088da     0x3a2a ./Drivers/STM32F4xx_HAL_Driver/Src/stm32f4xx_hal_i2c.o
 .debug_line    0x0000c304      0xd98 ./Drivers/STM32F4xx_HAL_Driver/Src/stm32f4xx_hal_rcc.o
 .debug_line    0x0000d09c     0x1449 ./Drivers/STM32F4xx_HAL_Driver/Src/stm32f4xx_hal_rcc_ex.o
 .debug_line    0x0000e4e5     0x24c5 ./Drivers/STM32F4xx_HAL_Driver/Src/stm32f4xx_hal_uart.o

.debug_str      0x00000000    0xcb65e
 .debug_str     0x00000000    0xcb65e ./Core/Src/main.o
                              0xc4c0b (size before relaxing)
 .debug_str     0x000cb65e    0xc49ee ./Core/Src/stm32f4xx_hal_msp.o
 .debug_str     0x000cb65e    0xc4176 ./Core/Src/stm32f4xx_it.o
 .debug_str     0x000cb65e     0x7773 ./Core/Src/sysmem.o
 .debug_str     0x000cb65e    0xc4159 ./Core/Src/system_stm32f4xx.o
 .debug_str     0x000cb65e       0x75 ./Core/Startup/startup_stm32f446retx.o
 .debug_str     0x000cb65e    0xc7a40 ./Drivers/API/Src/API_FSM.o
 .debug_str     0x000cb65e    0xc4575 ./Drivers/API/Src/API_I2c.o
 .debug_str     0x000cb65e    0xc416a ./Drivers/API/Src/API_LCD.o
 .debug_str     0x000cb65e     0x3f3e ./Drivers/API/Src/API_LCD_port.o
 .debug_str     0x000cb65e     0x3edf ./Drivers/API/Src/API_debounce.o
 .debug_str     0x000cb65e    0xc780d ./Drivers/API/Src/API_delay.o
 .debug_str     0x000cb65e    0xc4117 ./Drivers/API/Src/API_hardware.o
 .debug_str     0x000cb65e     0x41db ./Drivers/API/Src/API_scanner.o
 .debug_str     0x000cb65e    0xc7d85 ./Drivers/API/Src/API_uart.o
 .debug_str     0x000cb65e     0x797a ./Drivers/API/Src/common.o
 .debug_str     0x000cb65e    0xc4d1e ./Drivers/STM32F4xx_HAL_Driver/Src/stm32f4xx_hal.o
 .debug_str     0x000cb65e    0xc4a75 ./Drivers/STM32F4xx_HAL_Driver/Src/stm32f4xx_hal_cortex.o
 .debug_str     0x000cb65e    0xc42d4 ./Drivers/STM32F4xx_HAL_Driver/Src/stm32f4xx_hal_gpio.o
 .debug_str     0x000cb65e    0xc5157 ./Drivers/STM32F4xx_HAL_Driver/Src/stm32f4xx_hal_i2c.o
 .debug_str     0x000cb65e    0xc4592 ./Drivers/STM32F4xx_HAL_Driver/Src/stm32f4xx_hal_rcc.o
 .debug_str     0x000cb65e    0xc45c5 ./Drivers/STM32F4xx_HAL_Driver/Src/stm32f4xx_hal_rcc_ex.o
 .debug_str     0x000cb65e    0xc4b49 ./Drivers/STM32F4xx_HAL_Driver/Src/stm32f4xx_hal_uart.o

.comment        0x00000000       0x43
 .comment       0x00000000       0x43 ./Core/Src/main.o
                                 0x44 (size before relaxing)
 .comment       0x00000043       0x44 ./Core/Src/stm32f4xx_hal_msp.o
 .comment       0x00000043       0x44 ./Core/Src/stm32f4xx_it.o
 .comment       0x00000043       0x44 ./Core/Src/sysmem.o
 .comment       0x00000043       0x44 ./Core/Src/system_stm32f4xx.o
 .comment       0x00000043       0x44 ./Drivers/API/Src/API_FSM.o
 .comment       0x00000043       0x44 ./Drivers/API/Src/API_I2c.o
 .comment       0x00000043       0x44 ./Drivers/API/Src/API_LCD.o
 .comment       0x00000043       0x44 ./Drivers/API/Src/API_LCD_port.o
 .comment       0x00000043       0x44 ./Drivers/API/Src/API_debounce.o
 .comment       0x00000043       0x44 ./Drivers/API/Src/API_delay.o
 .comment       0x00000043       0x44 ./Drivers/API/Src/API_hardware.o
 .comment       0x00000043       0x44 ./Drivers/API/Src/API_scanner.o
 .comment       0x00000043       0x44 ./Drivers/API/Src/API_uart.o
 .comment       0x00000043       0x44 ./Drivers/API/Src/common.o
 .comment       0x00000043       0x44 ./Drivers/STM32F4xx_HAL_Driver/Src/stm32f4xx_hal.o
 .comment       0x00000043       0x44 ./Drivers/STM32F4xx_HAL_Driver/Src/stm32f4xx_hal_cortex.o
 .comment       0x00000043       0x44 ./Drivers/STM32F4xx_HAL_Driver/Src/stm32f4xx_hal_gpio.o
 .comment       0x00000043       0x44 ./Drivers/STM32F4xx_HAL_Driver/Src/stm32f4xx_hal_i2c.o
 .comment       0x00000043       0x44 ./Drivers/STM32F4xx_HAL_Driver/Src/stm32f4xx_hal_rcc.o
 .comment       0x00000043       0x44 ./Drivers/STM32F4xx_HAL_Driver/Src/stm32f4xx_hal_rcc_ex.o
 .comment       0x00000043       0x44 ./Drivers/STM32F4xx_HAL_Driver/Src/stm32f4xx_hal_uart.o

.debug_frame    0x00000000     0x33d8
 .debug_frame   0x00000000       0xc8 ./Core/Src/main.o
 .debug_frame   0x000000c8       0xc4 ./Core/Src/stm32f4xx_hal_msp.o
 .debug_frame   0x0000018c      0x104 ./Core/Src/stm32f4xx_it.o
 .debug_frame   0x00000290       0x34 ./Core/Src/sysmem.o
 .debug_frame   0x000002c4       0x58 ./Core/Src/system_stm32f4xx.o
 .debug_frame   0x0000031c       0xf4 ./Drivers/API/Src/API_FSM.o
 .debug_frame   0x00000410       0x7c ./Drivers/API/Src/API_I2c.o
 .debug_frame   0x0000048c       0xd8 ./Drivers/API/Src/API_LCD.o
 .debug_frame   0x00000564       0x8c ./Drivers/API/Src/API_LCD_port.o
 .debug_frame   0x000005f0       0xf4 ./Drivers/API/Src/API_debounce.o
 .debug_frame   0x000006e4       0xc4 ./Drivers/API/Src/API_delay.o
 .debug_frame   0x000007a8       0xac ./Drivers/API/Src/API_hardware.o
 .debug_frame   0x00000854       0x50 ./Drivers/API/Src/API_scanner.o
 .debug_frame   0x000008a4       0xf4 ./Drivers/API/Src/API_uart.o
 .debug_frame   0x00000998       0x5c ./Drivers/API/Src/common.o
 .debug_frame   0x000009f4      0x374 ./Drivers/STM32F4xx_HAL_Driver/Src/stm32f4xx_hal.o
 .debug_frame   0x00000d68      0x508 ./Drivers/STM32F4xx_HAL_Driver/Src/stm32f4xx_hal_cortex.o
 .debug_frame   0x00001270      0x14c ./Drivers/STM32F4xx_HAL_Driver/Src/stm32f4xx_hal_gpio.o
 .debug_frame   0x000013bc      0xc84 ./Drivers/STM32F4xx_HAL_Driver/Src/stm32f4xx_hal_i2c.o
 .debug_frame   0x00002040      0x1f4 ./Drivers/STM32F4xx_HAL_Driver/Src/stm32f4xx_hal_rcc.o
 .debug_frame   0x00002234      0x1e8 ./Drivers/STM32F4xx_HAL_Driver/Src/stm32f4xx_hal_rcc_ex.o
 .debug_frame   0x0000241c      0x954 ./Drivers/STM32F4xx_HAL_Driver/Src/stm32f4xx_hal_uart.o
 .debug_frame   0x00002d70      0x144 /opt/st/stm32cubeide_1.19.0/plugins/com.st.stm32cube.ide.mcu.externaltools.gnu-tools-for-stm32.13.3.rel1.linux64_1.0.0.202410170706/tools/bin/../lib/gcc/arm-none-eabi/13.3.1/../../../../arm-none-eabi/lib/thumb/v7e-m+fp/hard/libc_nano.a(libc_a-findfp.o)
 .debug_frame   0x00002eb4       0x7c /opt/st/stm32cubeide_1.19.0/plugins/com.st.stm32cube.ide.mcu.externaltools.gnu-tools-for-stm32.13.3.rel1.linux64_1.0.0.202410170706/tools/bin/../lib/gcc/arm-none-eabi/13.3.1/../../../../arm-none-eabi/lib/thumb/v7e-m+fp/hard/libc_nano.a(libc_a-snprintf.o)
 .debug_frame   0x00002f30       0x74 /opt/st/stm32cubeide_1.19.0/plugins/com.st.stm32cube.ide.mcu.externaltools.gnu-tools-for-stm32.13.3.rel1.linux64_1.0.0.202410170706/tools/bin/../lib/gcc/arm-none-eabi/13.3.1/../../../../arm-none-eabi/lib/thumb/v7e-m+fp/hard/libc_nano.a(libc_a-sprintf.o)
 .debug_frame   0x00002fa4       0x20 /opt/st/stm32cubeide_1.19.0/plugins/com.st.stm32cube.ide.mcu.externaltools.gnu-tools-for-stm32.13.3.rel1.linux64_1.0.0.202410170706/tools/bin/../lib/gcc/arm-none-eabi/13.3.1/../../../../arm-none-eabi/lib/thumb/v7e-m+fp/hard/libc_nano.a(libc_a-memset.o)
 .debug_frame   0x00002fc4       0x38 /opt/st/stm32cubeide_1.19.0/plugins/com.st.stm32cube.ide.mcu.externaltools.gnu-tools-for-stm32.13.3.rel1.linux64_1.0.0.202410170706/tools/bin/../lib/gcc/arm-none-eabi/13.3.1/../../../../arm-none-eabi/lib/thumb/v7e-m+fp/hard/libc_nano.a(libc_a-reent.o)
 .debug_frame   0x00002ffc       0x20 /opt/st/stm32cubeide_1.19.0/plugins/com.st.stm32cube.ide.mcu.externaltools.gnu-tools-for-stm32.13.3.rel1.linux64_1.0.0.202410170706/tools/bin/../lib/gcc/arm-none-eabi/13.3.1/../../../../arm-none-eabi/lib/thumb/v7e-m+fp/hard/libc_nano.a(libc_a-errno.o)
 .debug_frame   0x0000301c       0x2c /opt/st/stm32cubeide_1.19.0/plugins/com.st.stm32cube.ide.mcu.externaltools.gnu-tools-for-stm32.13.3.rel1.linux64_1.0.0.202410170706/tools/bin/../lib/gcc/arm-none-eabi/13.3.1/../../../../arm-none-eabi/lib/thumb/v7e-m+fp/hard/libc_nano.a(libc_a-init.o)
 .debug_frame   0x00003048       0xb0 /opt/st/stm32cubeide_1.19.0/plugins/com.st.stm32cube.ide.mcu.externaltools.gnu-tools-for-stm32.13.3.rel1.linux64_1.0.0.202410170706/tools/bin/../lib/gcc/arm-none-eabi/13.3.1/../../../../arm-none-eabi/lib/thumb/v7e-m+fp/hard/libc_nano.a(libc_a-lock.o)
 .debug_frame   0x000030f8       0x38 /opt/st/stm32cubeide_1.19.0/plugins/com.st.stm32cube.ide.mcu.externaltools.gnu-tools-for-stm32.13.3.rel1.linux64_1.0.0.202410170706/tools/bin/../lib/gcc/arm-none-eabi/13.3.1/../../../../arm-none-eabi/lib/thumb/v7e-m+fp/hard/libc_nano.a(libc_a-freer.o)
 .debug_frame   0x00003130       0x50 /opt/st/stm32cubeide_1.19.0/plugins/com.st.stm32cube.ide.mcu.externaltools.gnu-tools-for-stm32.13.3.rel1.linux64_1.0.0.202410170706/tools/bin/../lib/gcc/arm-none-eabi/13.3.1/../../../../arm-none-eabi/lib/thumb/v7e-m+fp/hard/libc_nano.a(libc_a-mallocr.o)
 .debug_frame   0x00003180       0x30 /opt/st/stm32cubeide_1.19.0/plugins/com.st.stm32cube.ide.mcu.externaltools.gnu-tools-for-stm32.13.3.rel1.linux64_1.0.0.202410170706/tools/bin/../lib/gcc/arm-none-eabi/13.3.1/../../../../arm-none-eabi/lib/thumb/v7e-m+fp/hard/libc_nano.a(libc_a-mlock.o)
 .debug_frame   0x000031b0       0x90 /opt/st/stm32cubeide_1.19.0/plugins/com.st.stm32cube.ide.mcu.externaltools.gnu-tools-for-stm32.13.3.rel1.linux64_1.0.0.202410170706/tools/bin/../lib/gcc/arm-none-eabi/13.3.1/../../../../arm-none-eabi/lib/thumb/v7e-m+fp/hard/libc_nano.a(libc_a-nano-svfprintf.o)
 .debug_frame   0x00003240       0x60 /opt/st/stm32cubeide_1.19.0/plugins/com.st.stm32cube.ide.mcu.externaltools.gnu-tools-for-stm32.13.3.rel1.linux64_1.0.0.202410170706/tools/bin/../lib/gcc/arm-none-eabi/13.3.1/../../../../arm-none-eabi/lib/thumb/v7e-m+fp/hard/libc_nano.a(libc_a-nano-vfprintf_i.o)
 .debug_frame   0x000032a0       0x28 /opt/st/stm32cubeide_1.19.0/plugins/com.st.stm32cube.ide.mcu.externaltools.gnu-tools-for-stm32.13.3.rel1.linux64_1.0.0.202410170706/tools/bin/../lib/gcc/arm-none-eabi/13.3.1/../../../../arm-none-eabi/lib/thumb/v7e-m+fp/hard/libc_nano.a(libc_a-memmove.o)
 .debug_frame   0x000032c8       0x2c /opt/st/stm32cubeide_1.19.0/plugins/com.st.stm32cube.ide.mcu.externaltools.gnu-tools-for-stm32.13.3.rel1.linux64_1.0.0.202410170706/tools/bin/../lib/gcc/arm-none-eabi/13.3.1/../../../../arm-none-eabi/lib/thumb/v7e-m+fp/hard/libc_nano.a(libc_a-sbrkr.o)
 .debug_frame   0x000032f4       0x28 /opt/st/stm32cubeide_1.19.0/plugins/com.st.stm32cube.ide.mcu.externaltools.gnu-tools-for-stm32.13.3.rel1.linux64_1.0.0.202410170706/tools/bin/../lib/gcc/arm-none-eabi/13.3.1/../../../../arm-none-eabi/lib/thumb/v7e-m+fp/hard/libc_nano.a(libc_a-memcpy-stub.o)
 .debug_frame   0x0000331c       0x3c /opt/st/stm32cubeide_1.19.0/plugins/com.st.stm32cube.ide.mcu.externaltools.gnu-tools-for-stm32.13.3.rel1.linux64_1.0.0.202410170706/tools/bin/../lib/gcc/arm-none-eabi/13.3.1/../../../../arm-none-eabi/lib/thumb/v7e-m+fp/hard/libc_nano.a(libc_a-reallocr.o)
 .debug_frame   0x00003358       0x20 /opt/st/stm32cubeide_1.19.0/plugins/com.st.stm32cube.ide.mcu.externaltools.gnu-tools-for-stm32.13.3.rel1.linux64_1.0.0.202410170706/tools/bin/../lib/gcc/arm-none-eabi/13.3.1/../../../../arm-none-eabi/lib/thumb/v7e-m+fp/hard/libc_nano.a(libc_a-msizer.o)
 .debug_frame   0x00003378       0x2c /opt/st/stm32cubeide_1.19.0/plugins/com.st.stm32cube.ide.mcu.externaltools.gnu-tools-for-stm32.13.3.rel1.linux64_1.0.0.202410170706/tools/bin/../lib/gcc/arm-none-eabi/13.3.1/thumb/v7e-m+fp/hard/libgcc.a(_aeabi_uldivmod.o)
 .debug_frame   0x000033a4       0x34 /opt/st/stm32cubeide_1.19.0/plugins/com.st.stm32cube.ide.mcu.externaltools.gnu-tools-for-stm32.13.3.rel1.linux64_1.0.0.202410170706/tools/bin/../lib/gcc/arm-none-eabi/13.3.1/thumb/v7e-m+fp/hard/libgcc.a(_udivmoddi4.o)

.debug_line_str
                0x00000000       0x59
 .debug_line_str
                0x00000000       0x59 ./Core/Startup/startup_stm32f446retx.o
