../Drivers/API/Src/API_cmdparser.c:66:13:clearCommand	16	static
../Drivers/API/Src/API_cmdparser.c:83:15:isEndCharacter	24	static
../Drivers/API/Src/API_cmdparser.c:108:15:isValidChar	16	static
../Drivers/API/Src/API_cmdparser.c:120:13:writeChar	16	static
../Drivers/API/Src/API_cmdparser.c:134:13:idleState	16	static
../Drivers/API/Src/API_cmdparser.c:172:13:receiveState	16	static
../Drivers/API/Src/API_cmdparser.c:196:13:errorState	8	static
../Drivers/API/Src/API_cmdparser.c:217:13:parseState	40	static
../Drivers/API/Src/API_cmdparser.c:264:13:execState	16	static
../Drivers/API/Src/API_cmdparser.c:303:13:timeoutState	4	static
../Drivers/API/Src/API_cmdparser.c:316:6:uartFSM_init	8	static
../Drivers/API/Src/API_cmdparser.c:329:6:uartFSM_update	8	static
